Microchip MPLAB XC8 Compiler V1.45 ()

Linker command line:

-W-3 --edf=/Applications/microchip/xc8/v1.45/dat/en_msgs.txt -cs \
  -h+dist/default/production/Lab2-Remote-SRAM-Control.X.production.sym \
  --cmf=dist/default/production/Lab2-Remote-SRAM-Control.X.production.cmf \
  -z -Q18F25K22 -o/tmp/xcQzlcoh9 \
  -Mdist/default/production/Lab2-Remote-SRAM-Control.X.production.map -E1 \
  -ver=XC8 -ASTACK=097h-05ffh -pstack=STACK -ACODE=00h-07FFFh \
  -ACONST=00h-07FFFh -ASMALLCONST=0600h-06FFhx122 \
  -AMEDIUMCONST=0600h-07FFFh -ACOMRAM=01h-05Fh -AABS1=00h-05FFh \
  -ABIGRAM=01h-05FFh -ARAM=060h-0FFh,0100h-01FFhx5 -ABANK0=060h-0FFh \
  -ABANK1=0100h-01FFh -ABANK2=0200h-02FFh -ABANK3=0300h-03FFh \
  -ABANK4=0400h-04FFh -ABANK5=0500h-05FFh -ASFR=0F38h-0F5Fh,0F60h-0FFFh \
  -preset_vec=00h,intcode=08h,intcodelo,powerup,init -pramtop=0600h \
  -psmallconst=SMALLCONST -pmediumconst=MEDIUMCONST -pconst=CONST \
  -AFARRAM=00h-00h -ACONFIG=0300000h-030000Dh -pconfig=CONFIG \
  -AIDLOC=0200000h-0200007h -pidloc=IDLOC -AEEDATA=0F00000h-0F000FFh \
  -peeprom_data=EEDATA \
  -prdata=COMRAM,nvrram=COMRAM,nvbit=COMRAM,rbss=COMRAM,rbit=COMRAM \
  -pfarbss=FARRAM,fardata=FARRAM,nvFARRAM=FARRAM \
  -pintsave_regs=BIGRAM,bigbss=BIGRAM,bigdata=BIGRAM -pbss=RAM \
  -pidata=CODE,irdata=CODE,ibigdata=CODE,ifardata=CODE -prparam=COMRAM \
  /tmp/xcWyqjo05.obj \
  dist/default/production/Lab2-Remote-SRAM-Control.X.production.obj 

Object code version is 3.11

Machine type is 18F25K22

Call graph: (short form)




                Name                               Link     Load   Length Selector   Space Scale
/tmp/xcWyqjo05.obj
                init                                 E4       E4        4        4       0
                reset_vec                             0        0        4        0       0
                idloc                            200000   200000        8   200000       0
                config                           300000   300000        E   300000       0
dist/default/production/Lab2-Remote-SRAM-Control.X.production.obj
                intcode                               8        8       DC        4       0
                temp                                 4A       4A        1        1       1
                text53                              E8E      E8E        4        4       0
                text52                              E92      E92        2        4       0
                text51                              DE6      DE6       10        4       0
                text50                              DD6      DD6       10        4       0
                text49                              E8A      E8A        4        4       0
                text48                              E70      E70        6        4       0
                text47                              D0A      D0A       20        4       0
                text46                              E86      E86        4        4       0
                text45                              BDC      BDC       2E        4       0
                text44                              9C0      9C0       64        4       0
                text43                              CEA      CEA       20        4       0
                text42                              E68      E68        8        4       0
                text41                              E60      E60        8        4       0
                text40                              CCA      CCA       20        4       0
                text39                              BAE      BAE       2E        4       0
                text37                              B7E      B7E       30        4       0
                text36                              E12      E12        C        4       0
                text35                              B4C      B4C       32        4       0
                text34                              D74      D74       16        4       0
                text33                              D46      D46       18        4       0
                text32                              DB2      DB2       14        4       0
                text31                              D5E      D5E       16        4       0
                text30                              E82      E82        4        4       0
                text29                              E04      E04        E        4       0
                text28                              C0A      C0A       2A        4       0
                text27                              D9E      D9E       14        4       0
                text26                              D2A      D2A       1C        4       0
                text25                              DC6      DC6       10        4       0
                text24                              C5C      C5C       26        4       0
                text23                              E7E      E7E        4        4       0
                text22                              E7A      E7A        4        4       0
                text21                              912      912       AE        4       0
                text20                              490      490      1AE        4       0
                text19                              82C      82C       E6        4       0
                text18                              736      736       F6        4       0
                text17                              CA6      CA6       24        4       0
                text16                              63E      63E       F8        4       0
                text15                              A24      A24       5C        4       0
                text14                              AD2      AD2       42        4       0
                text13                              C82      C82       24        4       0
                text12                              D8A      D8A       14        4       0
                text11                              E58      E58        8        4       0
                text10                              E46      E46        A        4       0
                text9                               E50      E50        8        4       0
                text8                               E3C      E3C        A        4       0
                text7                               E32      E32        A        4       0
                text6                               DF6      DF6        E        4       0
                text5                               E28      E28        A        4       0
                text4                               E1E      E1E        A        4       0
                text3                               E76      E76        4        4       0
                text2                               A80      A80       52        4       0
                text1                               C34      C34       28        4       0
                text0                                E8       E8      3A8        4       0
                cstackCOMRAM                          1        1       35        1       1
                cstackBANK0                          60       60       2B       60       1
                bssBANK0                             8B       8B        8       60       1
                dataCOMRAM                           49       49        1        1       1
                bssCOMRAM                            36       36       13        1       1
                cinit                               B14      B14       38        4       0
                nvBANK0                              93       93        4       60       1
                idataCOMRAM                         E94      E94        1        4       0

TOTAL           Name                               Link     Load   Length     Space
        CLASS   STACK          

        CLASS   CODE           
                intcode                               8        8       DC         0
                init                                 E4       E4        4         0
                reset_vec                             0        0        4         0
                text53                              E8E      E8E        4         0
                text52                              E92      E92        2         0
                text51                              DE6      DE6       10         0
                text50                              DD6      DD6       10         0
                text49                              E8A      E8A        4         0
                text48                              E70      E70        6         0
                text47                              D0A      D0A       20         0
                text46                              E86      E86        4         0
                text45                              BDC      BDC       2E         0
                text44                              9C0      9C0       64         0
                text43                              CEA      CEA       20         0
                text42                              E68      E68        8         0
                text41                              E60      E60        8         0
                text40                              CCA      CCA       20         0
                text39                              BAE      BAE       2E         0
                text37                              B7E      B7E       30         0
                text36                              E12      E12        C         0
                text35                              B4C      B4C       32         0
                text34                              D74      D74       16         0
                text33                              D46      D46       18         0
                text32                              DB2      DB2       14         0
                text31                              D5E      D5E       16         0
                text30                              E82      E82        4         0
                text29                              E04      E04        E         0
                text28                              C0A      C0A       2A         0
                text27                              D9E      D9E       14         0
                text26                              D2A      D2A       1C         0
                text25                              DC6      DC6       10         0
                text24                              C5C      C5C       26         0
                text23                              E7E      E7E        4         0
                text22                              E7A      E7A        4         0
                text21                              912      912       AE         0
                text20                              490      490      1AE         0
                text19                              82C      82C       E6         0
                text18                              736      736       F6         0
                text17                              CA6      CA6       24         0
                text16                              63E      63E       F8         0
                text15                              A24      A24       5C         0
                text14                              AD2      AD2       42         0
                text13                              C82      C82       24         0
                text12                              D8A      D8A       14         0
                text11                              E58      E58        8         0
                text10                              E46      E46        A         0
                text9                               E50      E50        8         0
                text8                               E3C      E3C        A         0
                text7                               E32      E32        A         0
                text6                               DF6      DF6        E         0
                text5                               E28      E28        A         0
                text4                               E1E      E1E        A         0
                text3                               E76      E76        4         0
                text2                               A80      A80       52         0
                text1                               C34      C34       28         0
                text0                                E8       E8      3A8         0
                cinit                               B14      B14       38         0
                idataCOMRAM                         E94      E94        1         0

        CLASS   CONST          

        CLASS   SMALLCONST     

        CLASS   MEDIUMCONST    

        CLASS   COMRAM         
                temp                                 4A       4A        1         1
                cstackCOMRAM                          1        1       35         1
                dataCOMRAM                           49       49        1         1
                bssCOMRAM                            36       36       13         1

        CLASS   ABS1           

        CLASS   BIGRAM         

        CLASS   RAM            

        CLASS   BANK0          
                cstackBANK0                          60       60       2B         1
                bssBANK0                             8B       8B        8         1
                nvBANK0                              93       93        4         1

        CLASS   BANK1          

        CLASS   BANK2          

        CLASS   BANK3          

        CLASS   BANK4          

        CLASS   BANK5          

        CLASS   SFR            

        CLASS   FARRAM         

        CLASS   CONFIG         
                config                           300000   300000        E         0

        CLASS   IDLOC          
                idloc                            200000   200000        8         0

        CLASS   EEDATA         



SEGMENTS        Name                           Load    Length   Top    Selector   Space  Class

                reset_vec                      000000  000004  000004         0       0  CODE    
                cstackCOMRAM                   000001  00004A  00004B         1       1  COMRAM  
                intcode                        000008  000E8D  000E95         4       0  CODE    
                cstackBANK0                    000060  000037  000097        60       1  BANK0   
                idloc                          200000  000008  200008    200000       0  IDLOC   
                config                         300000  00000E  30000E    300000       0  CONFIG  


UNUSED ADDRESS RANGES

        Name                Unused          Largest block    Delta
        BANK0            000097-0000FF               69
        BANK1            000100-0001FF              100
        BANK2            000200-0002FF              100
        BANK3            000300-0003FF              100
        BANK4            000400-0004FF              100
        BANK5            000500-0005FF              100
        BIGRAM           00004B-00005F               15
                         000097-0005FF              569
        CODE             000004-000007                4
                         000E95-007FFF             716B
        COMRAM           00004B-00005F               15
        CONST            000004-000007                4
                         000E95-007FFF             716B
        EEDATA           F00000-F000FF              100
        MEDIUMCONST      000E95-007FFF             716B
        RAM              000097-0005FF              100
        SFR              000F38-000FFF               28
        SMALLCONST       000E95-007FFF              100
        STACK            000097-0005FF              569

                                  Symbol Table

?_ADC_GetConversion                         cstackCOMRAM 000016
?___ftadd                                   cstackBANK0  000069
?___ftdiv                                   cstackCOMRAM 000021
?___ftmul                                   cstackCOMRAM 000030
?___ftneg                                   cstackCOMRAM 000027
?___ftpack                                  cstackCOMRAM 000016
?___fttol                                   cstackBANK0  000075
?___lltoft                                  cstackCOMRAM 00001E
?___lwmod                                   cstackCOMRAM 000016
?___lwtoft                                  cstackCOMRAM 00001E
ADC_GetConversion@channel                   cstackCOMRAM 00001A
EUSART2_Write@txData                        cstackCOMRAM 000016
PWM4_LoadDutyValue@dutyValue                cstackCOMRAM 000016
_ADCON0                                     (abs)        000FC2
_ADCON0bits                                 (abs)        000FC2
_ADCON1                                     (abs)        000FC1
_ADCON2                                     (abs)        000FC0
_ADC_GetConversion                          text37       000B7E
_ADC_ISR                                    text53       000E8E
_ADC_Initialize                             text33       000D46
_ADRESH                                     (abs)        000FC4
_ADRESL                                     (abs)        000FC3
_ANSELA                                     (abs)        000F38
_ANSELB                                     (abs)        000F39
_ANSELC                                     (abs)        000F3A
_BAUDCON2                                   (abs)        000F70
_CCP4CON                                    (abs)        000F57
_CCP5CON                                    (abs)        000F54
_CCP5_Initialize                            text32       000DB2
_CCPR4H                                     (abs)        000F59
_CCPR4L                                     (abs)        000F58
_CCPR5H                                     (abs)        000F56
_CCPR5L                                     (abs)        000F55
_CCPTMRS1bits                               (abs)        000F48
_EUSART2_Initialize                         text31       000D5E
_EUSART2_Write                              text36       000E12
_INTCON2bits                                (abs)        000FF1
_INTCONbits                                 (abs)        000FF2
_INTERRUPT_Initialize                       text30       000E82
_INTERRUPT_InterruptManager                 intcode      000008
_LATA                                       (abs)        000F89
_LATB                                       (abs)        000F8A
_LATC                                       (abs)        000F8B
_OSCCON                                     (abs)        000FD3
_OSCCON2                                    (abs)        000FD2
_OSCILLATOR_Initialize                      text29       000E04
_OSCTUNE                                    (abs)        000F9B
_PIE1bits                                   (abs)        000F9D
_PIE3bits                                   (abs)        000FA3
_PIN_MANAGER_Initialize                     text28       000C0A
_PIR1bits                                   (abs)        000F9E
_PIR3bits                                   (abs)        000FA4
_PIR4bits                                   (abs)        000F7B
_PORTA                                      (abs)        000F80
_PORTAbits                                  (abs)        000F80
_PORTC                                      (abs)        000F82
_PR2                                        (abs)        000FBB
_PWM4_Initialize                            text27       000D9E
_PWM4_LoadDutyValue                         text35       000B4C
_RCONbits                                   (abs)        000FD0
_RCREG2                                     (abs)        000F74
_RCSTA2                                     (abs)        000F71
_RCSTA2bits                                 (abs)        000F71
_SPBRG2                                     (abs)        000F75
_SPBRGH2                                    (abs)        000F76
_SRAM_CONTROL_INITIALIZE                    text34       000D74
_SSP2ADD                                    (abs)        000F6E
_SSP2BUF                                    (abs)        000F6F
_SSP2CON1                                   (abs)        000F6C
_SSP2CON1bits                               (abs)        000F6C
_SSP2CON2                                   (abs)        000F6B
_SSP2CON2bits                               (abs)        000F6B
_SSP2MSK                                    (abs)        000F6A
_SSP2STAT                                   (abs)        000F6D
_SSP2STATbits                               (abs)        000F6D
_SYSTEM_Initialize                          text24       000C5C
_T1CON                                      (abs)        000FCD
_T1CONbits                                  (abs)        000FCD
_T1GCON                                     (abs)        000FCC
_T1GCONbits                                 (abs)        000FCC
_T2CON                                      (abs)        000FBA
_T2CONbits                                  (abs)        000FBA
_TMR1                                       (abs)        000FCE
_TMR1H                                      (abs)        000FCF
_TMR1L                                      (abs)        000FCE
_TMR1_Initialize                            text26       000D2A
_TMR1_StartTimer                            text23       000E7E
_TMR2                                       (abs)        000FBC
_TMR2_Initialize                            text25       000DC6
_TMR2_StartTimer                            text22       000E7A
_TRISA                                      (abs)        000F92
_TRISB                                      (abs)        000F93
_TRISC                                      (abs)        000F94
_TXREG2                                     (abs)        000F73
_TXSTA2                                     (abs)        000F72
_WPUB                                       (abs)        000F61
__CFG_BOREN$SBORDIS                         (abs)        000000
__CFG_BORV$190                              (abs)        000000
__CFG_CCP2MX$PORTC1                         (abs)        000000
__CFG_CCP3MX$PORTB5                         (abs)        000000
__CFG_CP0$OFF                               (abs)        000000
__CFG_CP1$OFF                               (abs)        000000
__CFG_CP2$OFF                               (abs)        000000
__CFG_CP3$OFF                               (abs)        000000
__CFG_CPB$OFF                               (abs)        000000
__CFG_CPD$OFF                               (abs)        000000
__CFG_DEBUG$OFF                             (abs)        000000
__CFG_EBTR0$OFF                             (abs)        000000
__CFG_EBTR1$OFF                             (abs)        000000
__CFG_EBTR2$OFF                             (abs)        000000
__CFG_EBTR3$OFF                             (abs)        000000
__CFG_EBTRB$OFF                             (abs)        000000
__CFG_FCMEN$OFF                             (abs)        000000
__CFG_FOSC$INTIO67                          (abs)        000000
__CFG_HFOFST$ON                             (abs)        000000
__CFG_IESO$OFF                              (abs)        000000
__CFG_LVP$ON                                (abs)        000000
__CFG_MCLRE$EXTMCLR                         (abs)        000000
__CFG_P2BMX$PORTB5                          (abs)        000000
__CFG_PBADEN$ON                             (abs)        000000
__CFG_PLLCFG$OFF                            (abs)        000000
__CFG_PRICLKEN$ON                           (abs)        000000
__CFG_PWRTEN$OFF                            (abs)        000000
__CFG_STVREN$ON                             (abs)        000000
__CFG_T3CMX$PORTC0                          (abs)        000000
__CFG_WDTEN$OFF                             (abs)        000000
__CFG_WDTPS$32768                           (abs)        000000
__CFG_WRT0$OFF                              (abs)        000000
__CFG_WRT1$OFF                              (abs)        000000
__CFG_WRT2$OFF                              (abs)        000000
__CFG_WRT3$OFF                              (abs)        000000
__CFG_WRTB$OFF                              (abs)        000000
__CFG_WRTC$OFF                              (abs)        000000
__CFG_WRTD$OFF                              (abs)        000000
__CFG_XINST$OFF                             (abs)        000000
__HRAM                                      (abs)        000000
__Habs1                                     abs1         000000
__Hbank0                                    bank0        000000
__Hbank1                                    bank1        000000
__Hbank2                                    bank2        000000
__Hbank3                                    bank3        000000
__Hbank4                                    bank4        000000
__Hbank5                                    bank5        000000
__Hbigbss                                   bigbss       000000
__Hbigdata                                  bigdata      000000
__Hbigram                                   bigram       000000
__Hbss                                      bss          000000
__HbssBANK0                                 bssBANK0     000000
__HbssCOMRAM                                bssCOMRAM    000000
__Hcinit                                    cinit        000000
__Hclrtext                                  clrtext      000000
__Hcomram                                   comram       000000
__Hconfig                                   config       30000E
__Hconst                                    const        000000
__HcstackBANK0                              cstackBANK0  000000
__HcstackCOMRAM                             cstackCOMRAM 000000
__Hdata                                     data         000000
__HdataCOMRAM                               dataCOMRAM   000000
__Heeprom_data                              eeprom_data  000000
__Hfarbss                                   farbss       000000
__Hfardata                                  fardata      000000
__Hibigdata                                 ibigdata     000000
__Hidata                                    idata        000000
__HidataCOMRAM                              idataCOMRAM  000000
__Hidloc                                    idloc        200008
__Hifardata                                 ifardata     000000
__Hinit                                     init         0000E8
__Hintcode                                  intcode      0000E4
__Hintcode_body                             intcode_body 000000
__Hintcodelo                                intcodelo    0000E4
__Hintentry                                 intentry     000000
__Hintret                                   intret       000000
__Hintsave_regs                             intsave_regs 000000
__Hirdata                                   irdata       000000
__Hmediumconst                              mediumconst  000000
__HnvBANK0                                  nvBANK0      000000
__HnvFARRAM                                 nvFARRAM     000000
__Hnvbit                                    nvbit        000000
__Hnvrram                                   nvrram       000000
__Hparam                                    rparam       000000
__Hpowerup                                  powerup      0000E4
__Hram                                      ram          000000
__Hramtop                                   ramtop       000600
__Hrbit                                     rbit         000000
__Hrbss                                     rbss         000000
__Hrdata                                    rdata        000000
__Hreset_vec                                reset_vec    000004
__Hrparam                                   rparam       000000
__Hsfr                                      sfr          000000
__Hsmallconst                               smallconst   000000
__Hspace_0                                  (abs)        30000E
__Hspace_1                                  (abs)        000097
__Hspace_2                                  (abs)        000000
__Hstack                                    stack        000000
__Hstruct                                   struct       000000
__Htemp                                     temp         00004B
__Htext                                     text         000000
__Htext0                                    text0        000000
__Htext1                                    text1        000000
__Htext10                                   text10       000000
__Htext11                                   text11       000000
__Htext12                                   text12       000000
__Htext13                                   text13       000000
__Htext14                                   text14       000000
__Htext15                                   text15       000000
__Htext16                                   text16       000000
__Htext17                                   text17       000000
__Htext18                                   text18       000000
__Htext19                                   text19       000000
__Htext2                                    text2        000000
__Htext20                                   text20       000000
__Htext21                                   text21       000000
__Htext22                                   text22       000000
__Htext23                                   text23       000000
__Htext24                                   text24       000000
__Htext25                                   text25       000000
__Htext26                                   text26       000000
__Htext27                                   text27       000000
__Htext28                                   text28       000000
__Htext29                                   text29       000000
__Htext3                                    text3        000000
__Htext30                                   text30       000000
__Htext31                                   text31       000000
__Htext32                                   text32       000000
__Htext33                                   text33       000000
__Htext34                                   text34       000000
__Htext35                                   text35       000000
__Htext36                                   text36       000000
__Htext37                                   text37       000000
__Htext39                                   text39       000000
__Htext4                                    text4        000000
__Htext40                                   text40       000000
__Htext41                                   text41       000000
__Htext42                                   text42       000000
__Htext43                                   text43       000000
__Htext44                                   text44       000000
__Htext45                                   text45       000000
__Htext46                                   text46       000000
__Htext47                                   text47       000000
__Htext48                                   text48       000000
__Htext49                                   text49       000000
__Htext5                                    text5        000000
__Htext50                                   text50       000000
__Htext51                                   text51       000000
__Htext52                                   text52       000000
__Htext53                                   text53       000000
__Htext54                                   text54       000000
__Htext6                                    text6        000000
__Htext7                                    text7        000000
__Htext8                                    text8        000000
__Htext9                                    text9        000000
__LRAM                                      (abs)        000001
__Labs1                                     abs1         000000
__Lbank0                                    bank0        000000
__Lbank1                                    bank1        000000
__Lbank2                                    bank2        000000
__Lbank3                                    bank3        000000
__Lbank4                                    bank4        000000
__Lbank5                                    bank5        000000
__Lbigbss                                   bigbss       000000
__Lbigdata                                  bigdata      000000
__Lbigram                                   bigram       000000
__Lbss                                      bss          000000
__LbssBANK0                                 bssBANK0     000000
__LbssCOMRAM                                bssCOMRAM    000000
__Lcinit                                    cinit        000000
__Lclrtext                                  clrtext      000000
__Lcomram                                   comram       000000
__Lconfig                                   config       300000
__Lconst                                    const        000000
__LcstackBANK0                              cstackBANK0  000000
__LcstackCOMRAM                             cstackCOMRAM 000000
__Ldata                                     data         000000
__LdataCOMRAM                               dataCOMRAM   000000
__Leeprom_data                              eeprom_data  000000
__Lfarbss                                   farbss       000000
__Lfardata                                  fardata      000000
__Libigdata                                 ibigdata     000000
__Lidata                                    idata        000000
__LidataCOMRAM                              idataCOMRAM  000000
__Lidloc                                    idloc        200000
__Lifardata                                 ifardata     000000
__Linit                                     init         0000E4
__Lintcode                                  intcode      000008
__Lintcode_body                             intcode_body 000000
__Lintcodelo                                intcodelo    0000E4
__Lintentry                                 intentry     000000
__Lintret                                   intret       000000
__Lintsave_regs                             intsave_regs 000000
__Lirdata                                   irdata       000000
__Lmediumconst                              mediumconst  000000
__LnvBANK0                                  nvBANK0      000000
__LnvFARRAM                                 nvFARRAM     000000
__Lnvbit                                    nvbit        000000
__Lnvrram                                   nvrram       000000
__Lparam                                    rparam       000000
__Lpowerup                                  powerup      0000E4
__Lram                                      ram          000000
__Lramtop                                   ramtop       000600
__Lrbit                                     rbit         000000
__Lrbss                                     rbss         000000
__Lrdata                                    rdata        000000
__Lreset_vec                                reset_vec    000000
__Lrparam                                   rparam       000000
__Lsfr                                      sfr          000000
__Lsmallconst                               smallconst   000000
__Lspace_0                                  (abs)        000000
__Lspace_1                                  (abs)        000000
__Lspace_2                                  (abs)        000000
__Lstack                                    stack        000000
__Lstruct                                   struct       000000
__Ltemp                                     temp         00004A
__Ltext                                     text         000000
__Ltext0                                    text0        000000
__Ltext1                                    text1        000000
__Ltext10                                   text10       000000
__Ltext11                                   text11       000000
__Ltext12                                   text12       000000
__Ltext13                                   text13       000000
__Ltext14                                   text14       000000
__Ltext15                                   text15       000000
__Ltext16                                   text16       000000
__Ltext17                                   text17       000000
__Ltext18                                   text18       000000
__Ltext19                                   text19       000000
__Ltext2                                    text2        000000
__Ltext20                                   text20       000000
__Ltext21                                   text21       000000
__Ltext22                                   text22       000000
__Ltext23                                   text23       000000
__Ltext24                                   text24       000000
__Ltext25                                   text25       000000
__Ltext26                                   text26       000000
__Ltext27                                   text27       000000
__Ltext28                                   text28       000000
__Ltext29                                   text29       000000
__Ltext3                                    text3        000000
__Ltext30                                   text30       000000
__Ltext31                                   text31       000000
__Ltext32                                   text32       000000
__Ltext33                                   text33       000000
__Ltext34                                   text34       000000
__Ltext35                                   text35       000000
__Ltext36                                   text36       000000
__Ltext37                                   text37       000000
__Ltext39                                   text39       000000
__Ltext4                                    text4        000000
__Ltext40                                   text40       000000
__Ltext41                                   text41       000000
__Ltext42                                   text42       000000
__Ltext43                                   text43       000000
__Ltext44                                   text44       000000
__Ltext45                                   text45       000000
__Ltext46                                   text46       000000
__Ltext47                                   text47       000000
__Ltext48                                   text48       000000
__Ltext49                                   text49       000000
__Ltext5                                    text5        000000
__Ltext50                                   text50       000000
__Ltext51                                   text51       000000
__Ltext52                                   text52       000000
__Ltext53                                   text53       000000
__Ltext54                                   text54       000000
__Ltext6                                    text6        000000
__Ltext7                                    text7        000000
__Ltext8                                    text8        000000
__Ltext9                                    text9        000000
__S0                                        (abs)        30000E
__S1                                        (abs)        000097
__S2                                        (abs)        000000
___ftadd                                    text20       000490
___ftadd@exp1                               cstackBANK0  000074
___ftadd@exp2                               cstackBANK0  000073
___ftadd@f1                                 cstackBANK0  000069
___ftadd@f2                                 cstackBANK0  00006C
___ftadd@sign                               cstackBANK0  000072
___ftdiv                                    text19       00082C
___ftdiv@cntr                               cstackCOMRAM 00002A
___ftdiv@exp                                cstackCOMRAM 00002E
___ftdiv@f1                                 cstackCOMRAM 000021
___ftdiv@f2                                 cstackCOMRAM 000024
___ftdiv@f3                                 cstackCOMRAM 00002B
___ftdiv@sign                               cstackCOMRAM 00002F
___ftmul                                    text18       000736
___ftmul@cntr                               cstackBANK0  000067
___ftmul@exp                                cstackBANK0  000063
___ftmul@f1                                 cstackCOMRAM 000030
___ftmul@f2                                 cstackCOMRAM 000033
___ftmul@f3_as_product                      cstackBANK0  000064
___ftmul@sign                               cstackBANK0  000068
___ftneg                                    text17       000CA6
___ftneg@f1                                 cstackCOMRAM 000027
___ftpack                                   text21       000912
___ftpack@arg                               cstackCOMRAM 000016
___ftpack@exp                               cstackCOMRAM 000019
___ftpack@sign                              cstackCOMRAM 00001A
___fttol                                    text16       00063E
___fttol@exp1                               cstackBANK0  000083
___fttol@f1                                 cstackBANK0  000075
___fttol@lval                               cstackBANK0  00007F
___fttol@sign1                              cstackBANK0  00007E
___inthi_sp                                 stack        000000
___intlo_sp                                 stack        000000
___lltoft                                   text15       000A24
___lltoft@c                                 cstackCOMRAM 00001E
___lltoft@exp                               cstackCOMRAM 000026
___lwmod                                    text14       000AD2
___lwmod@counter                            cstackCOMRAM 00001A
___lwmod@dividend                           cstackCOMRAM 000016
___lwmod@divisor                            cstackCOMRAM 000018
___lwtoft                                   text13       000C82
___lwtoft@c                                 cstackCOMRAM 00001E
___param_bank                               (abs)        000000
___rparam_used                              (abs)        000001
___sp                                       stack        000000
__accesstop                                 (abs)        000060
__activetblptr                              (abs)        000002
__end_of_ADC_GetConversion                  text37       000BAE
__end_of_ADC_ISR                            text53       000E92
__end_of_ADC_Initialize                     text33       000D5E
__end_of_CCP5_Initialize                    text32       000DC6
__end_of_EUSART2_Initialize                 text31       000D74
__end_of_EUSART2_Write                      text36       000E1E
__end_of_INTERRUPT_Initialize               text30       000E86
__end_of_INTERRUPT_InterruptManager         intcode      0000E4
__end_of_OSCILLATOR_Initialize              text29       000E12
__end_of_PIN_MANAGER_Initialize             text28       000C34
__end_of_PWM4_Initialize                    text27       000DB2
__end_of_PWM4_LoadDutyValue                 text35       000B7E
__end_of_SRAM_CONTROL_INITIALIZE            text34       000D8A
__end_of_SYSTEM_Initialize                  text24       000C82
__end_of_TMR1_Initialize                    text26       000D46
__end_of_TMR1_StartTimer                    text23       000E82
__end_of_TMR2_Initialize                    text25       000DD6
__end_of_TMR2_StartTimer                    text22       000E7E
__end_of___ftadd                            text20       00063E
__end_of___ftdiv                            text19       000912
__end_of___ftmul                            text18       00082C
__end_of___ftneg                            text17       000CCA
__end_of___ftpack                           text21       0009C0
__end_of___fttol                            text16       000736
__end_of___lltoft                           text15       000A80
__end_of___lwmod                            text14       000B14
__end_of___lwtoft                           text13       000CA6
__end_of__initialization                    cinit        000B3E
__end_of_i2c2_driver_TXData                 text42       000E70
__end_of_i2c2_driver_getRXData              text46       000E8A
__end_of_i2c2_driver_initSlaveHardware      text12       000D9E
__end_of_i2c2_driver_isData                 text51       000DF6
__end_of_i2c2_driver_isRead                 text50       000DE6
__end_of_i2c2_driver_releaseClock           text49       000E8E
__end_of_i2c2_driver_setAddr                text11       000E60
__end_of_i2c2_driver_setBusCollisionISR     text10       000E50
__end_of_i2c2_driver_setI2cISR              text7        000E3C
__end_of_i2c2_driver_setMask                text9        000E58
__end_of_i2c_slave_AddrCallBack             text47       000D2A
__end_of_i2c_slave_BusCollisionISR          text52       000E94
__end_of_i2c_slave_DefWrInterruptHandler    text41       000E68
__end_of_i2c_slave_ISR                      text39       000BDC
__end_of_i2c_slave_PWMAddrInterruptHandler  text48       000E76
__end_of_i2c_slave_PWMRdInterruptHandler    text44       000A24
__end_of_i2c_slave_RdCallBack               text43       000D0A
__end_of_i2c_slave_WrCallBack               text40       000CEA
__end_of_i2c_slave_open                     text2        000AD2
__end_of_i2c_slave_setAddrIntHandler        text8        000E46
__end_of_i2c_slave_setIsrHandler            text6        000E04
__end_of_i2c_slave_setReadIntHandler        text5        000E32
__end_of_i2c_slave_setWriteIntHandler       text4        000E28
__end_of_main                               text0        000490
__end_of_mssp2_enableIRQ                    text3        000E7A
__end_of_sram_read                          text1        000C5C
__end_of_sram_write                         text45       000C0A
__initialization                            cinit        000B14
__mediumconst                               mediumconst  000000
__pbssBANK0                                 bssBANK0     00008B
__pbssCOMRAM                                bssCOMRAM    000036
__pcinit                                    cinit        000B14
__pcstackBANK0                              cstackBANK0  000060
__pcstackCOMRAM                             cstackCOMRAM 000001
__pdataCOMRAM                               dataCOMRAM   000049
__pidataCOMRAM                              idataCOMRAM  000E94
__pintcode                                  intcode      000008
__pnvBANK0                                  nvBANK0      000093
__ptext0                                    text0        0000E8
__ptext1                                    text1        000C34
__ptext10                                   text10       000E46
__ptext11                                   text11       000E58
__ptext12                                   text12       000D8A
__ptext13                                   text13       000C82
__ptext14                                   text14       000AD2
__ptext15                                   text15       000A24
__ptext16                                   text16       00063E
__ptext17                                   text17       000CA6
__ptext18                                   text18       000736
__ptext19                                   text19       00082C
__ptext2                                    text2        000A80
__ptext20                                   text20       000490
__ptext21                                   text21       000912
__ptext22                                   text22       000E7A
__ptext23                                   text23       000E7E
__ptext24                                   text24       000C5C
__ptext25                                   text25       000DC6
__ptext26                                   text26       000D2A
__ptext27                                   text27       000D9E
__ptext28                                   text28       000C0A
__ptext29                                   text29       000E04
__ptext3                                    text3        000E76
__ptext30                                   text30       000E82
__ptext31                                   text31       000D5E
__ptext32                                   text32       000DB2
__ptext33                                   text33       000D46
__ptext34                                   text34       000D74
__ptext35                                   text35       000B4C
__ptext36                                   text36       000E12
__ptext37                                   text37       000B7E
__ptext39                                   text39       000BAE
__ptext4                                    text4        000E1E
__ptext40                                   text40       000CCA
__ptext41                                   text41       000E60
__ptext42                                   text42       000E68
__ptext43                                   text43       000CEA
__ptext44                                   text44       0009C0
__ptext45                                   text45       000BDC
__ptext46                                   text46       000E86
__ptext47                                   text47       000D0A
__ptext48                                   text48       000E70
__ptext49                                   text49       000E8A
__ptext5                                    text5        000E28
__ptext50                                   text50       000DD6
__ptext51                                   text51       000DE6
__ptext52                                   text52       000E92
__ptext53                                   text53       000E8E
__ptext54                                   text54       000000
__ptext6                                    text6        000DF6
__ptext7                                    text7        000E32
__ptext8                                    text8        000E3C
__ptext9                                    text9        000E50
__ramtop                                    ramtop       000600
__size_of_ADC_GetConversion                 (abs)        000000
__size_of_ADC_ISR                           (abs)        000000
__size_of_ADC_Initialize                    (abs)        000000
__size_of_CCP5_Initialize                   (abs)        000000
__size_of_EUSART2_Initialize                (abs)        000000
__size_of_EUSART2_Write                     (abs)        000000
__size_of_INTERRUPT_Initialize              (abs)        000000
__size_of_INTERRUPT_InterruptManager        (abs)        000000
__size_of_OSCILLATOR_Initialize             (abs)        000000
__size_of_PIN_MANAGER_Initialize            (abs)        000000
__size_of_PWM4_Initialize                   (abs)        000000
__size_of_PWM4_LoadDutyValue                (abs)        000000
__size_of_SRAM_CONTROL_INITIALIZE           (abs)        000000
__size_of_SYSTEM_Initialize                 (abs)        000000
__size_of_TMR1_Initialize                   (abs)        000000
__size_of_TMR1_StartTimer                   (abs)        000000
__size_of_TMR2_Initialize                   (abs)        000000
__size_of_TMR2_StartTimer                   (abs)        000000
__size_of___ftadd                           (abs)        000000
__size_of___ftdiv                           (abs)        000000
__size_of___ftmul                           (abs)        000000
__size_of___ftneg                           (abs)        000000
__size_of___ftpack                          (abs)        000000
__size_of___fttol                           (abs)        000000
__size_of___lltoft                          (abs)        000000
__size_of___lwmod                           (abs)        000000
__size_of___lwtoft                          (abs)        000000
__size_of_i2c2_driver_TXData                (abs)        000000
__size_of_i2c2_driver_getRXData             (abs)        000000
__size_of_i2c2_driver_initSlaveHardware     (abs)        000000
__size_of_i2c2_driver_isData                (abs)        000000
__size_of_i2c2_driver_isRead                (abs)        000000
__size_of_i2c2_driver_releaseClock          (abs)        000000
__size_of_i2c2_driver_setAddr               (abs)        000000
__size_of_i2c2_driver_setBusCollisionISR    (abs)        000000
__size_of_i2c2_driver_setI2cISR             (abs)        000000
__size_of_i2c2_driver_setMask               (abs)        000000
__size_of_i2c_slave_AddrCallBack            (abs)        000000
__size_of_i2c_slave_BusCollisionISR         (abs)        000000
__size_of_i2c_slave_DefWrInterruptHandler   (abs)        000000
__size_of_i2c_slave_ISR                     (abs)        000000
__size_of_i2c_slave_PWMAddrInterruptHandler (abs)        000000
__size_of_i2c_slave_PWMRdInterruptHandler   (abs)        000000
__size_of_i2c_slave_RdCallBack              (abs)        000000
__size_of_i2c_slave_WrCallBack              (abs)        000000
__size_of_i2c_slave_open                    (abs)        000000
__size_of_i2c_slave_setAddrIntHandler       (abs)        000000
__size_of_i2c_slave_setIsrHandler           (abs)        000000
__size_of_i2c_slave_setReadIntHandler       (abs)        000000
__size_of_i2c_slave_setWriteIntHandler      (abs)        000000
__size_of_main                              (abs)        000000
__size_of_mssp2_enableIRQ                   (abs)        000000
__size_of_sram_read                         (abs)        000000
__size_of_sram_write                        (abs)        000000
__smallconst                                smallconst   000000
_adcValue                                   bssBANK0     000091
_count                                      bssBANK0     00008F
_currentPWMspeed                            bssBANK0     00008B
_i2c1Data                                   bssCOMRAM    000048
_i2c2_driver_TXData                         text42       000E68
_i2c2_driver_busCollisionISR                bssCOMRAM    000046
_i2c2_driver_getRXData                      text46       000E86
_i2c2_driver_i2cISR                         nvBANK0      000095
_i2c2_driver_initSlaveHardware              text12       000D8A
_i2c2_driver_isData                         text51       000DE6
_i2c2_driver_isRead                         text50       000DD6
_i2c2_driver_releaseClock                   text49       000E8A
_i2c2_driver_setAddr                        text11       000E58
_i2c2_driver_setBusCollisionISR             text10       000E46
_i2c2_driver_setI2cISR                      text7        000E32
_i2c2_driver_setMask                        text9        000E50
_i2c_slave_AddrCallBack                     text47       000D0A
_i2c_slave_AddrInterruptHandler             bssCOMRAM    00003A
_i2c_slave_BusCollisionISR                  text52       000E92
_i2c_slave_DefWrInterruptHandler            text41       000E60
_i2c_slave_ISR                              text39       000BAE
_i2c_slave_PWMAddrInterruptHandler          text48       000E70
_i2c_slave_PWMRdInterruptHandler            text44       0009C0
_i2c_slave_RdCallBack                       text43       000CEA
_i2c_slave_RdInterruptHandler               bssCOMRAM    00003E
_i2c_slave_WrCallBack                       text40       000CCA
_i2c_slave_WrInterruptHandler               bssCOMRAM    00003C
_i2c_slave_open                             text2        000A80
_i2c_slave_setAddrIntHandler                text8        000E3C
_i2c_slave_setIsrHandler                    text6        000DF6
_i2c_slave_setReadIntHandler                text5        000E28
_i2c_slave_setWriteIntHandler               text4        000E1E
_i2c_slave_writeData                        dataCOMRAM   000049
_main                                       text0        0000E8
_mssp2_enableIRQ                            text3        000E76
_pwmCommand                                 bssCOMRAM    000036
_sAddr                                      bssCOMRAM    000040
_sRead                                      bssCOMRAM    000042
_sWrite                                     bssCOMRAM    000044
_sram_read                                  text1        000C34
_sram_write                                 text45       000BDC
_timer1ReloadVal                            nvBANK0      000093
btemp                                       temp         00004A
end_of_initialization                       cinit        000B3E
i2c2_driver_TXData@d                        cstackCOMRAM 000001
i2c2_driver_setAddr@addr                    cstackCOMRAM 000016
i2c2_driver_setBusCollisionISR@f            cstackCOMRAM 000016
i2c2_driver_setI2cISR@f                     cstackCOMRAM 000016
i2c2_driver_setMask@mask                    cstackCOMRAM 000016
i2c_slave_setAddrIntHandler@handler         cstackCOMRAM 000016
i2c_slave_setIsrHandler@handler             cstackCOMRAM 000018
i2c_slave_setReadIntHandler@handler         cstackCOMRAM 000016
i2c_slave_setWriteIntHandler@handler        cstackCOMRAM 000016
int$flags                                   temp         00004A
intlevel0                                   text         000000
intlevel1                                   text         000000
intlevel2                                   text         000000
intlevel3                                   text         000000
main@commandType                            cstackBANK0  00008A
main@error                                  cstackBANK0  000086
main@parameter                              cstackBANK0  000088
sram_read@address                           cstackCOMRAM 000017
sram_read@data                              cstackCOMRAM 000018
sram_write@address                          cstackCOMRAM 000003
sram_write@data                             cstackCOMRAM 000001
stackhi                                     (abs)        0005FF
stacklo                                     (abs)        000097
start                                       init         0000E4
start_initialization                        cinit        000B14
wtemp6                                      temp         00004B


FUNCTION INFORMATION:

 *************** function _main *****************
 Defined at:
		line 24 in file "main.c"
 Parameters:    Size  Location     Type
		None
 Auto vars:     Size  Location     Type
  error           2   38[BANK0 ] int 
  parameter       2   40[BANK0 ] unsigned int 
  commandType     1   42[BANK0 ] unsigned char 
 Return value:  Size  Location     Type
                  1    wreg      void 
 Registers used:
		wreg, status,2, status,0, cstack
 Tracked objects:
		On entry : 
		On exit  : 
		Unchanged: 
 Data sizes:     COMRAM   BANK0   BANK1   BANK2   BANK3   BANK4   BANK5
      Params:         0       0       0       0       0       0       0
      Locals:         0       5       0       0       0       0       0
      Temps:          0       2       0       0       0       0       0
      Totals:         0       7       0       0       0       0       0
Total ram usage:        7 bytes
 Hardware stack levels required when called:    8
 This function calls:
		_ADC_GetConversion
		_EUSART2_Write
		_PWM4_Initialize
		_PWM4_LoadDutyValue
		_SRAM_CONTROL_INITIALIZE
		_SYSTEM_Initialize
		_TMR1_Initialize
		_TMR1_StartTimer
		_TMR2_Initialize
		_TMR2_StartTimer
		___ftadd
		___ftdiv
		___ftmul
		___ftneg
		___fttol
		___lltoft
		___lwmod
		___lwtoft
		_i2c_slave_open
		_sram_read
 This function is called by:
		Startup code after reset
 This function uses a non-reentrant model


 *************** function _sram_read *****************
 Defined at:
		line 27 in file "sram_control.c"
 Parameters:    Size  Location     Type
  address         1    wreg     unsigned char 
 Auto vars:     Size  Location     Type
  address         1   22[COMRAM] unsigned char 
  data            1   23[COMRAM] unsigned char 
 Return value:  Size  Location     Type
                  1    wreg      unsigned char 
 Registers used:
		wreg, status,2, status,0
 Tracked objects:
		On entry : 
		On exit  : 
		Unchanged: 
 Data sizes:     COMRAM   BANK0   BANK1   BANK2   BANK3   BANK4   BANK5
      Params:         0       0       0       0       0       0       0
      Locals:         2       0       0       0       0       0       0
      Temps:          1       0       0       0       0       0       0
      Totals:         3       0       0       0       0       0       0
Total ram usage:        3 bytes
 Hardware stack levels used:    1
 Hardware stack levels required when called:    5
 This function calls:
		Nothing
 This function is called by:
		_main
 This function uses a non-reentrant model


 *************** function _i2c_slave_open *****************
 Defined at:
		line 43 in file "mcc_generated_files/drivers/i2c_slave.c"
 Parameters:    Size  Location     Type
		None
 Auto vars:     Size  Location     Type
		None
 Return value:  Size  Location     Type
                  1    wreg      void 
 Registers used:
		wreg, status,2, status,0, cstack
 Tracked objects:
		On entry : 
		On exit  : 
		Unchanged: 
 Data sizes:     COMRAM   BANK0   BANK1   BANK2   BANK3   BANK4   BANK5
      Params:         0       0       0       0       0       0       0
      Locals:         0       0       0       0       0       0       0
      Temps:          0       0       0       0       0       0       0
      Totals:         0       0       0       0       0       0       0
Total ram usage:        0 bytes
 Hardware stack levels used:    1
 Hardware stack levels required when called:    7
 This function calls:
		_i2c2_driver_initSlaveHardware
		_i2c2_driver_setAddr
		_i2c2_driver_setBusCollisionISR
		_i2c2_driver_setMask
		_i2c_slave_setAddrIntHandler
		_i2c_slave_setIsrHandler
		_i2c_slave_setReadIntHandler
		_i2c_slave_setWriteIntHandler
		_mssp2_enableIRQ
 This function is called by:
		_main
 This function uses a non-reentrant model


 *************** function _mssp2_enableIRQ *****************
 Defined at:
		line 41 in file "mcc_generated_files/i2c2_driver.c"
 Parameters:    Size  Location     Type
		None
 Auto vars:     Size  Location     Type
		None
 Return value:  Size  Location     Type
                  1    wreg      void 
 Registers used:
		None
 Tracked objects:
		On entry : 
		On exit  : 
		Unchanged: 
 Data sizes:     COMRAM   BANK0   BANK1   BANK2   BANK3   BANK4   BANK5
      Params:         0       0       0       0       0       0       0
      Locals:         0       0       0       0       0       0       0
      Temps:          0       0       0       0       0       0       0
      Totals:         0       0       0       0       0       0       0
Total ram usage:        0 bytes
 Hardware stack levels used:    1
 Hardware stack levels required when called:    5
 This function calls:
		Nothing
 This function is called by:
		_i2c_slave_open
 This function uses a non-reentrant model


 *************** function _i2c_slave_setWriteIntHandler *****************
 Defined at:
		line 137 in file "mcc_generated_files/drivers/i2c_slave.c"
 Parameters:    Size  Location     Type
  handler         2   21[COMRAM] PTR FTN()void 
		 -> i2c_slave_DefWrInterruptHandler(1), 
 Auto vars:     Size  Location     Type
		None
 Return value:  Size  Location     Type
                  1    wreg      void 
 Registers used:
		wreg, status,2, status,0
 Tracked objects:
		On entry : 
		On exit  : 
		Unchanged: 
 Data sizes:     COMRAM   BANK0   BANK1   BANK2   BANK3   BANK4   BANK5
      Params:         2       0       0       0       0       0       0
      Locals:         0       0       0       0       0       0       0
      Temps:          0       0       0       0       0       0       0
      Totals:         2       0       0       0       0       0       0
Total ram usage:        2 bytes
 Hardware stack levels used:    1
 Hardware stack levels required when called:    5
 This function calls:
		Nothing
 This function is called by:
		_i2c_slave_open
 This function uses a non-reentrant model


 *************** function _i2c_slave_setReadIntHandler *****************
 Defined at:
		line 121 in file "mcc_generated_files/drivers/i2c_slave.c"
 Parameters:    Size  Location     Type
  handler         2   21[COMRAM] PTR FTN()void 
		 -> i2c_slave_PWMRdInterruptHandler(1), 
 Auto vars:     Size  Location     Type
		None
 Return value:  Size  Location     Type
                  1    wreg      void 
 Registers used:
		wreg, status,2, status,0
 Tracked objects:
		On entry : 
		On exit  : 
		Unchanged: 
 Data sizes:     COMRAM   BANK0   BANK1   BANK2   BANK3   BANK4   BANK5
      Params:         2       0       0       0       0       0       0
      Locals:         0       0       0       0       0       0       0
      Temps:          0       0       0       0       0       0       0
      Totals:         2       0       0       0       0       0       0
Total ram usage:        2 bytes
 Hardware stack levels used:    1
 Hardware stack levels required when called:    5
 This function calls:
		Nothing
 This function is called by:
		_i2c_slave_open
 This function uses a non-reentrant model


 *************** function _i2c_slave_setIsrHandler *****************
 Defined at:
		line 113 in file "mcc_generated_files/drivers/i2c_slave.c"
 Parameters:    Size  Location     Type
  handler         2   23[COMRAM] PTR FTN()void 
		 -> i2c_slave_ISR(1), 
 Auto vars:     Size  Location     Type
		None
 Return value:  Size  Location     Type
                  1    wreg      void 
 Registers used:
		wreg, status,2, status,0, cstack
 Tracked objects:
		On entry : 
		On exit  : 
		Unchanged: 
 Data sizes:     COMRAM   BANK0   BANK1   BANK2   BANK3   BANK4   BANK5
      Params:         2       0       0       0       0       0       0
      Locals:         0       0       0       0       0       0       0
      Temps:          0       0       0       0       0       0       0
      Totals:         2       0       0       0       0       0       0
Total ram usage:        2 bytes
 Hardware stack levels used:    1
 Hardware stack levels required when called:    6
 This function calls:
		_i2c2_driver_setI2cISR
 This function is called by:
		_i2c_slave_open
 This function uses a non-reentrant model


 *************** function _i2c2_driver_setI2cISR *****************
 Defined at:
		line 265 in file "mcc_generated_files/i2c2_driver.c"
 Parameters:    Size  Location     Type
  f               2   21[COMRAM] PTR FTN()void 
		 -> i2c_slave_ISR(1), 
 Auto vars:     Size  Location     Type
		None
 Return value:  Size  Location     Type
                  1    wreg      void 
 Registers used:
		wreg, status,2, status,0
 Tracked objects:
		On entry : 
		On exit  : 
		Unchanged: 
 Data sizes:     COMRAM   BANK0   BANK1   BANK2   BANK3   BANK4   BANK5
      Params:         2       0       0       0       0       0       0
      Locals:         0       0       0       0       0       0       0
      Temps:          0       0       0       0       0       0       0
      Totals:         2       0       0       0       0       0       0
Total ram usage:        2 bytes
 Hardware stack levels used:    1
 Hardware stack levels required when called:    5
 This function calls:
		Nothing
 This function is called by:
		_i2c_slave_setIsrHandler
 This function uses a non-reentrant model


 *************** function _i2c_slave_setAddrIntHandler *****************
 Defined at:
		line 153 in file "mcc_generated_files/drivers/i2c_slave.c"
 Parameters:    Size  Location     Type
  handler         2   21[COMRAM] PTR FTN()void 
		 -> i2c_slave_PWMAddrInterruptHandler(1), 
 Auto vars:     Size  Location     Type
		None
 Return value:  Size  Location     Type
                  1    wreg      void 
 Registers used:
		wreg, status,2, status,0
 Tracked objects:
		On entry : 
		On exit  : 
		Unchanged: 
 Data sizes:     COMRAM   BANK0   BANK1   BANK2   BANK3   BANK4   BANK5
      Params:         2       0       0       0       0       0       0
      Locals:         0       0       0       0       0       0       0
      Temps:          0       0       0       0       0       0       0
      Totals:         2       0       0       0       0       0       0
Total ram usage:        2 bytes
 Hardware stack levels used:    1
 Hardware stack levels required when called:    5
 This function calls:
		Nothing
 This function is called by:
		_i2c_slave_open
 This function uses a non-reentrant model


 *************** function _i2c2_driver_setMask *****************
 Defined at:
		line 184 in file "mcc_generated_files/i2c2_driver.c"
 Parameters:    Size  Location     Type
  mask            1    wreg     unsigned char 
 Auto vars:     Size  Location     Type
  mask            1   21[COMRAM] unsigned char 
 Return value:  Size  Location     Type
                  1    wreg      void 
 Registers used:
		wreg
 Tracked objects:
		On entry : 
		On exit  : 
		Unchanged: 
 Data sizes:     COMRAM   BANK0   BANK1   BANK2   BANK3   BANK4   BANK5
      Params:         0       0       0       0       0       0       0
      Locals:         1       0       0       0       0       0       0
      Temps:          0       0       0       0       0       0       0
      Totals:         1       0       0       0       0       0       0
Total ram usage:        1 bytes
 Hardware stack levels used:    1
 Hardware stack levels required when called:    5
 This function calls:
		Nothing
 This function is called by:
		_i2c_slave_open
 This function uses a non-reentrant model


 *************** function _i2c2_driver_setBusCollisionISR *****************
 Defined at:
		line 261 in file "mcc_generated_files/i2c2_driver.c"
 Parameters:    Size  Location     Type
  f               2   21[COMRAM] PTR FTN()void 
		 -> i2c_slave_BusCollisionISR(1), 
 Auto vars:     Size  Location     Type
		None
 Return value:  Size  Location     Type
                  1    wreg      void 
 Registers used:
		wreg, status,2, status,0
 Tracked objects:
		On entry : 
		On exit  : 
		Unchanged: 
 Data sizes:     COMRAM   BANK0   BANK1   BANK2   BANK3   BANK4   BANK5
      Params:         2       0       0       0       0       0       0
      Locals:         0       0       0       0       0       0       0
      Temps:          0       0       0       0       0       0       0
      Totals:         2       0       0       0       0       0       0
Total ram usage:        2 bytes
 Hardware stack levels used:    1
 Hardware stack levels required when called:    5
 This function calls:
		Nothing
 This function is called by:
		_i2c_slave_open
		_i2c_slave_setBusCollisionISR
 This function uses a non-reentrant model


 *************** function _i2c2_driver_setAddr *****************
 Defined at:
		line 179 in file "mcc_generated_files/i2c2_driver.c"
 Parameters:    Size  Location     Type
  addr            1    wreg     unsigned char 
 Auto vars:     Size  Location     Type
  addr            1   21[COMRAM] unsigned char 
 Return value:  Size  Location     Type
                  1    wreg      void 
 Registers used:
		wreg
 Tracked objects:
		On entry : 
		On exit  : 
		Unchanged: 
 Data sizes:     COMRAM   BANK0   BANK1   BANK2   BANK3   BANK4   BANK5
      Params:         0       0       0       0       0       0       0
      Locals:         1       0       0       0       0       0       0
      Temps:          0       0       0       0       0       0       0
      Totals:         1       0       0       0       0       0       0
Total ram usage:        1 bytes
 Hardware stack levels used:    1
 Hardware stack levels required when called:    5
 This function calls:
		Nothing
 This function is called by:
		_i2c_slave_open
 This function uses a non-reentrant model


 *************** function _i2c2_driver_initSlaveHardware *****************
 Defined at:
		line 100 in file "mcc_generated_files/i2c2_driver.c"
 Parameters:    Size  Location     Type
		None
 Auto vars:     Size  Location     Type
		None
 Return value:  Size  Location     Type
		None               void
 Registers used:
		wreg, status,2, status,0
 Tracked objects:
		On entry : 
		On exit  : 
		Unchanged: 
 Data sizes:     COMRAM   BANK0   BANK1   BANK2   BANK3   BANK4   BANK5
      Params:         0       0       0       0       0       0       0
      Locals:         0       0       0       0       0       0       0
      Temps:          0       0       0       0       0       0       0
      Totals:         0       0       0       0       0       0       0
Total ram usage:        0 bytes
 Hardware stack levels used:    1
 Hardware stack levels required when called:    5
 This function calls:
		Nothing
 This function is called by:
		_i2c_slave_open
		_i2c_slave_enable
 This function uses a non-reentrant model


 *************** function ___lwtoft *****************
 Defined at:
		line 28 in file "/Applications/microchip/xc8/v1.45/sources/common/lwtoft.c"
 Parameters:    Size  Location     Type
  c               2   29[COMRAM] unsigned int 
 Auto vars:     Size  Location     Type
		None
 Return value:  Size  Location     Type
                  3   29[COMRAM] float 
 Registers used:
		wreg, status,2, status,0, cstack
 Tracked objects:
		On entry : 
		On exit  : 
		Unchanged: 
 Data sizes:     COMRAM   BANK0   BANK1   BANK2   BANK3   BANK4   BANK5
      Params:         3       0       0       0       0       0       0
      Locals:         0       0       0       0       0       0       0
      Temps:          0       0       0       0       0       0       0
      Totals:         3       0       0       0       0       0       0
Total ram usage:        3 bytes
 Hardware stack levels used:    1
 Hardware stack levels required when called:    6
 This function calls:
		___ftpack
 This function is called by:
		_main
 This function uses a non-reentrant model


 *************** function ___lwmod *****************
 Defined at:
		line 8 in file "/Applications/microchip/xc8/v1.45/sources/common/lwmod.c"
 Parameters:    Size  Location     Type
  dividend        2   21[COMRAM] unsigned int 
  divisor         2   23[COMRAM] unsigned int 
 Auto vars:     Size  Location     Type
  counter         1   25[COMRAM] unsigned char 
 Return value:  Size  Location     Type
                  2   21[COMRAM] unsigned int 
 Registers used:
		wreg, status,2, status,0
 Tracked objects:
		On entry : 
		On exit  : 
		Unchanged: 
 Data sizes:     COMRAM   BANK0   BANK1   BANK2   BANK3   BANK4   BANK5
      Params:         4       0       0       0       0       0       0
      Locals:         1       0       0       0       0       0       0
      Temps:          0       0       0       0       0       0       0
      Totals:         5       0       0       0       0       0       0
Total ram usage:        5 bytes
 Hardware stack levels used:    1
 Hardware stack levels required when called:    5
 This function calls:
		Nothing
 This function is called by:
		_main
 This function uses a non-reentrant model


 *************** function ___lltoft *****************
 Defined at:
		line 35 in file "/Applications/microchip/xc8/v1.45/sources/common/lltoft.c"
 Parameters:    Size  Location     Type
  c               4   29[COMRAM] unsigned long 
 Auto vars:     Size  Location     Type
  exp             1   37[COMRAM] unsigned char 
 Return value:  Size  Location     Type
                  3   29[COMRAM] float 
 Registers used:
		wreg, status,2, status,0, cstack
 Tracked objects:
		On entry : 
		On exit  : 
		Unchanged: 
 Data sizes:     COMRAM   BANK0   BANK1   BANK2   BANK3   BANK4   BANK5
      Params:         4       0       0       0       0       0       0
      Locals:         1       0       0       0       0       0       0
      Temps:          4       0       0       0       0       0       0
      Totals:         9       0       0       0       0       0       0
Total ram usage:        9 bytes
 Hardware stack levels used:    1
 Hardware stack levels required when called:    6
 This function calls:
		___ftpack
 This function is called by:
		_main
 This function uses a non-reentrant model


 *************** function ___fttol *****************
 Defined at:
		line 44 in file "/Applications/microchip/xc8/v1.45/sources/common/fttol.c"
 Parameters:    Size  Location     Type
  f1              3   21[BANK0 ] float 
 Auto vars:     Size  Location     Type
  lval            4   31[BANK0 ] unsigned long 
  exp1            1   35[BANK0 ] unsigned char 
  sign1           1   30[BANK0 ] unsigned char 
 Return value:  Size  Location     Type
                  4   21[BANK0 ] long 
 Registers used:
		wreg, status,2, status,0
 Tracked objects:
		On entry : 
		On exit  : 
		Unchanged: 
 Data sizes:     COMRAM   BANK0   BANK1   BANK2   BANK3   BANK4   BANK5
      Params:         0       4       0       0       0       0       0
      Locals:         0       6       0       0       0       0       0
      Temps:          0       5       0       0       0       0       0
      Totals:         0      15       0       0       0       0       0
Total ram usage:       15 bytes
 Hardware stack levels used:    1
 Hardware stack levels required when called:    5
 This function calls:
		Nothing
 This function is called by:
		_main
 This function uses a non-reentrant model


 *************** function ___ftneg *****************
 Defined at:
		line 15 in file "/Applications/microchip/xc8/v1.45/sources/common/ftneg.c"
 Parameters:    Size  Location     Type
  f1              3   38[COMRAM] float 
 Auto vars:     Size  Location     Type
		None
 Return value:  Size  Location     Type
                  3   38[COMRAM] float 
 Registers used:
		wreg, status,2, status,0
 Tracked objects:
		On entry : 
		On exit  : 
		Unchanged: 
 Data sizes:     COMRAM   BANK0   BANK1   BANK2   BANK3   BANK4   BANK5
      Params:         3       0       0       0       0       0       0
      Locals:         0       0       0       0       0       0       0
      Temps:          0       0       0       0       0       0       0
      Totals:         3       0       0       0       0       0       0
Total ram usage:        3 bytes
 Hardware stack levels used:    1
 Hardware stack levels required when called:    5
 This function calls:
		Nothing
 This function is called by:
		_main
 This function uses a non-reentrant model


 *************** function ___ftmul *****************
 Defined at:
		line 62 in file "/Applications/microchip/xc8/v1.45/sources/common/ftmul.c"
 Parameters:    Size  Location     Type
  f1              3   47[COMRAM] float 
  f2              3   50[COMRAM] float 
 Auto vars:     Size  Location     Type
  f3_as_produc    3    4[BANK0 ] unsigned um
  sign            1    8[BANK0 ] unsigned char 
  cntr            1    7[BANK0 ] unsigned char 
  exp             1    3[BANK0 ] unsigned char 
 Return value:  Size  Location     Type
                  3   47[COMRAM] float 
 Registers used:
		wreg, status,2, status,0, cstack
 Tracked objects:
		On entry : 
		On exit  : 
		Unchanged: 
 Data sizes:     COMRAM   BANK0   BANK1   BANK2   BANK3   BANK4   BANK5
      Params:         6       0       0       0       0       0       0
      Locals:         0       6       0       0       0       0       0
      Temps:          0       3       0       0       0       0       0
      Totals:         6       9       0       0       0       0       0
Total ram usage:       15 bytes
 Hardware stack levels used:    1
 Hardware stack levels required when called:    6
 This function calls:
		___ftpack
 This function is called by:
		_main
 This function uses a non-reentrant model


 *************** function ___ftdiv *****************
 Defined at:
[...]
Total ram usage:        0 bytes
 Hardware stack levels used:    1
 Hardware stack levels required when called:    3
 This function calls:
		_i2c2_driver_getRXData
		_i2c2_driver_isData
		_i2c2_driver_isRead
		_i2c2_driver_releaseClock
		_i2c_slave_AddrCallBack
		_i2c_slave_RdCallBack
		_i2c_slave_WrCallBack
 This function is called by:
		_i2c_slave_open
		_INTERRUPT_InterruptManager
 This function uses a non-reentrant model


 *************** function _i2c_slave_WrCallBack *****************
 Defined at:
		line 130 in file "mcc_generated_files/drivers/i2c_slave.c"
 Parameters:    Size  Location     Type
		None
 Auto vars:     Size  Location     Type
		None
 Return value:  Size  Location     Type
                  1    wreg      void 
 Registers used:
		wreg, status,2, status,0, pclath, tosl, cstack
 Tracked objects:
		On entry : 
		On exit  : 
		Unchanged: 
 Data sizes:     COMRAM   BANK0   BANK1   BANK2   BANK3   BANK4   BANK5
      Params:         0       0       0       0       0       0       0
      Locals:         0       0       0       0       0       0       0
      Temps:          0       0       0       0       0       0       0
      Totals:         0       0       0       0       0       0       0
Total ram usage:        0 bytes
 Hardware stack levels used:    1
 Hardware stack levels required when called:    2
 This function calls:
		Absolute function
		_i2c_slave_DefWrInterruptHandler
 This function is called by:
		_i2c_slave_ISR
 This function uses a non-reentrant model


 *************** function _i2c_slave_DefWrInterruptHandler *****************
 Defined at:
		line 141 in file "mcc_generated_files/drivers/i2c_slave.c"
 Parameters:    Size  Location     Type
		None
 Auto vars:     Size  Location     Type
		None
 Return value:  Size  Location     Type
                  1    wreg      void 
 Registers used:
		wreg, status,2, cstack
 Tracked objects:
		On entry : 
		On exit  : 
		Unchanged: 
 Data sizes:     COMRAM   BANK0   BANK1   BANK2   BANK3   BANK4   BANK5
      Params:         0       0       0       0       0       0       0
      Locals:         0       0       0       0       0       0       0
      Temps:          0       0       0       0       0       0       0
      Totals:         0       0       0       0       0       0       0
Total ram usage:        0 bytes
 Hardware stack levels used:    1
 Hardware stack levels required when called:    1
 This function calls:
		_i2c2_driver_TXData
 This function is called by:
		_i2c_slave_open
		_i2c_slave_WrCallBack
 This function uses a non-reentrant model


 *************** function _i2c2_driver_TXData *****************
 Defined at:
		line 189 in file "mcc_generated_files/i2c2_driver.c"
 Parameters:    Size  Location     Type
  d               1    wreg     unsigned char 
 Auto vars:     Size  Location     Type
  d               1    0[COMRAM] unsigned char 
 Return value:  Size  Location     Type
                  1    wreg      void 
 Registers used:
		wreg
 Tracked objects:
		On entry : 
		On exit  : 
		Unchanged: 
 Data sizes:     COMRAM   BANK0   BANK1   BANK2   BANK3   BANK4   BANK5
      Params:         0       0       0       0       0       0       0
      Locals:         1       0       0       0       0       0       0
      Temps:          0       0       0       0       0       0       0
      Totals:         1       0       0       0       0       0       0
Total ram usage:        1 bytes
 Hardware stack levels used:    1
 This function calls:
		Nothing
 This function is called by:
		_i2c_slave_DefWrInterruptHandler
		_i2c_slave_write
 This function uses a non-reentrant model


 *************** function _i2c_slave_RdCallBack *****************
 Defined at:
		line 106 in file "mcc_generated_files/drivers/i2c_slave.c"
 Parameters:    Size  Location     Type
		None
 Auto vars:     Size  Location     Type
		None
 Return value:  Size  Location     Type
                  1    wreg      void 
 Registers used:
		wreg, status,2, status,0, pclath, tosl, cstack
 Tracked objects:
		On entry : 
		On exit  : 
		Unchanged: 
 Data sizes:     COMRAM   BANK0   BANK1   BANK2   BANK3   BANK4   BANK5
      Params:         0       0       0       0       0       0       0
      Locals:         0       0       0       0       0       0       0
      Temps:          0       0       0       0       0       0       0
      Totals:         0       0       0       0       0       0       0
Total ram usage:        0 bytes
 Hardware stack levels used:    1
 Hardware stack levels required when called:    2
 This function calls:
		Absolute function
		_i2c_slave_PWMRdInterruptHandler
 This function is called by:
		_i2c_slave_ISR
 This function uses a non-reentrant model


 *************** function _i2c_slave_PWMRdInterruptHandler *****************
 Defined at:
		line 165 in file "mcc_generated_files/drivers/i2c_slave.c"
 Parameters:    Size  Location     Type
		None
 Auto vars:     Size  Location     Type
		None
 Return value:  Size  Location     Type
                  1    wreg      void 
 Registers used:
		wreg, status,2, status,0, cstack
 Tracked objects:
		On entry : 
		On exit  : 
		Unchanged: 
 Data sizes:     COMRAM   BANK0   BANK1   BANK2   BANK3   BANK4   BANK5
      Params:         0       0       0       0       0       0       0
      Locals:         0       0       0       0       0       0       0
      Temps:          0       0       0       0       0       0       0
      Totals:         0       0       0       0       0       0       0
Total ram usage:        0 bytes
 Hardware stack levels used:    1
 Hardware stack levels required when called:    1
 This function calls:
		_i2c2_driver_getRXData
		_sram_write
 This function is called by:
		_i2c_slave_open
		_i2c_slave_RdCallBack
 This function uses a non-reentrant model


 *************** function _sram_write *****************
 Defined at:
		line 50 in file "sram_control.c"
 Parameters:    Size  Location     Type
  address         1    wreg     unsigned char 
  data            1    0[COMRAM] unsigned char 
 Auto vars:     Size  Location     Type
  address         1    2[COMRAM] unsigned char 
 Return value:  Size  Location     Type
                  1    wreg      void 
 Registers used:
		wreg, status,2, status,0
 Tracked objects:
		On entry : 
		On exit  : 
		Unchanged: 
 Data sizes:     COMRAM   BANK0   BANK1   BANK2   BANK3   BANK4   BANK5
      Params:         1       0       0       0       0       0       0
      Locals:         1       0       0       0       0       0       0
      Temps:          1       0       0       0       0       0       0
      Totals:         3       0       0       0       0       0       0
Total ram usage:        3 bytes
 Hardware stack levels used:    1
 This function calls:
		Nothing
 This function is called by:
		_i2c_slave_PWMRdInterruptHandler
 This function uses a non-reentrant model


 *************** function _i2c2_driver_getRXData *****************
 Defined at:
		line 174 in file "mcc_generated_files/i2c2_driver.c"
 Parameters:    Size  Location     Type
		None
 Auto vars:     Size  Location     Type
		None
 Return value:  Size  Location     Type
                  1    wreg      unsigned char 
 Registers used:
		wreg, status,2
 Tracked objects:
		On entry : 
		On exit  : 
		Unchanged: 
 Data sizes:     COMRAM   BANK0   BANK1   BANK2   BANK3   BANK4   BANK5
      Params:         0       0       0       0       0       0       0
      Locals:         0       0       0       0       0       0       0
      Temps:          0       0       0       0       0       0       0
      Totals:         0       0       0       0       0       0       0
Total ram usage:        0 bytes
 Hardware stack levels used:    1
 This function calls:
		Nothing
 This function is called by:
		_i2c_slave_ISR
		_i2c_slave_PWMRdInterruptHandler
		_i2c_slave_read
		_i2c_slave_DefRdInterruptHandler
 This function uses a non-reentrant model


 *************** function _i2c_slave_AddrCallBack *****************
 Defined at:
		line 146 in file "mcc_generated_files/drivers/i2c_slave.c"
 Parameters:    Size  Location     Type
		None
 Auto vars:     Size  Location     Type
		None
 Return value:  Size  Location     Type
                  1    wreg      void 
 Registers used:
		wreg, status,2, status,0, pclath, tosl, cstack
 Tracked objects:
		On entry : 
		On exit  : 
		Unchanged: 
 Data sizes:     COMRAM   BANK0   BANK1   BANK2   BANK3   BANK4   BANK5
      Params:         0       0       0       0       0       0       0
      Locals:         0       0       0       0       0       0       0
      Temps:          0       0       0       0       0       0       0
      Totals:         0       0       0       0       0       0       0
Total ram usage:        0 bytes
 Hardware stack levels used:    1
 Hardware stack levels required when called:    1
 This function calls:
		Absolute function
		_i2c_slave_PWMAddrInterruptHandler
 This function is called by:
		_i2c_slave_ISR
 This function uses a non-reentrant model


 *************** function _i2c_slave_PWMAddrInterruptHandler *****************
 Defined at:
		line 205 in file "mcc_generated_files/drivers/i2c_slave.c"
 Parameters:    Size  Location     Type
		None
 Auto vars:     Size  Location     Type
		None
 Return value:  Size  Location     Type
                  1    wreg      void 
 Registers used:
		wreg, status,2
 Tracked objects:
		On entry : 
		On exit  : 
		Unchanged: 
 Data sizes:     COMRAM   BANK0   BANK1   BANK2   BANK3   BANK4   BANK5
      Params:         0       0       0       0       0       0       0
      Locals:         0       0       0       0       0       0       0
      Temps:          0       0       0       0       0       0       0
      Totals:         0       0       0       0       0       0       0
Total ram usage:        0 bytes
 Hardware stack levels used:    1
 This function calls:
		Nothing
 This function is called by:
		_i2c_slave_open
		_i2c_slave_AddrCallBack
 This function uses a non-reentrant model


 *************** function _i2c2_driver_releaseClock *****************
 Defined at:
		line 211 in file "mcc_generated_files/i2c2_driver.c"
 Parameters:    Size  Location     Type
		None
 Auto vars:     Size  Location     Type
		None
 Return value:  Size  Location     Type
                  1    wreg      void 
 Registers used:
		None
 Tracked objects:
		On entry : 
		On exit  : 
		Unchanged: 
 Data sizes:     COMRAM   BANK0   BANK1   BANK2   BANK3   BANK4   BANK5
      Params:         0       0       0       0       0       0       0
      Locals:         0       0       0       0       0       0       0
      Temps:          0       0       0       0       0       0       0
      Totals:         0       0       0       0       0       0       0
Total ram usage:        0 bytes
 Hardware stack levels used:    1
 This function calls:
		Nothing
 This function is called by:
		_i2c_slave_ISR
 This function uses a non-reentrant model


 *************** function _i2c2_driver_isRead *****************
 Defined at:
		line 241 in file "mcc_generated_files/i2c2_driver.c"
 Parameters:    Size  Location     Type
		None
 Auto vars:     Size  Location     Type
		None
 Return value:  Size  Location     Type
		None               void
 Registers used:
		wreg, status,0
 Tracked objects:
		On entry : 
		On exit  : 
		Unchanged: 
 Data sizes:     COMRAM   BANK0   BANK1   BANK2   BANK3   BANK4   BANK5
      Params:         0       0       0       0       0       0       0
      Locals:         0       0       0       0       0       0       0
      Temps:          1       0       0       0       0       0       0
      Totals:         1       0       0       0       0       0       0
Total ram usage:        1 bytes
 Hardware stack levels used:    1
 This function calls:
		Nothing
 This function is called by:
		_i2c_slave_ISR
 This function uses a non-reentrant model


 *************** function _i2c2_driver_isData *****************
 Defined at:
		line 236 in file "mcc_generated_files/i2c2_driver.c"
 Parameters:    Size  Location     Type
		None
 Auto vars:     Size  Location     Type
		None
 Return value:  Size  Location     Type
		None               void
 Registers used:
		wreg, status,0
 Tracked objects:
		On entry : 
		On exit  : 
		Unchanged: 
 Data sizes:     COMRAM   BANK0   BANK1   BANK2   BANK3   BANK4   BANK5
      Params:         0       0       0       0       0       0       0
      Locals:         0       0       0       0       0       0       0
      Temps:          1       0       0       0       0       0       0
      Totals:         1       0       0       0       0       0       0
Total ram usage:        1 bytes
 Hardware stack levels used:    1
 This function calls:
		Nothing
 This function is called by:
		_i2c_slave_ISR
 This function uses a non-reentrant model


 *************** function _i2c_slave_BusCollisionISR *****************
 Defined at:
		line 81 in file "mcc_generated_files/drivers/i2c_slave.c"
 Parameters:    Size  Location     Type
		None
 Auto vars:     Size  Location     Type
		None
 Return value:  Size  Location     Type
                  1    wreg      void 
 Registers used:
		None
 Tracked objects:
		On entry : 
		On exit  : 
		Unchanged: 
 Data sizes:     COMRAM   BANK0   BANK1   BANK2   BANK3   BANK4   BANK5
      Params:         0       0       0       0       0       0       0
      Locals:         0       0       0       0       0       0       0
      Temps:          0       0       0       0       0       0       0
      Totals:         0       0       0       0       0       0       0
Total ram usage:        0 bytes
 Hardware stack levels used:    1
 This function calls:
		Nothing
 This function is called by:
		_i2c_slave_open
		_INTERRUPT_InterruptManager
 This function uses a non-reentrant model


 *************** function _ADC_ISR *****************
 Defined at:
		line 129 in file "mcc_generated_files/adc.c"
 Parameters:    Size  Location     Type
		None
 Auto vars:     Size  Location     Type
		None
 Return value:  Size  Location     Type
                  1    wreg      void 
 Registers used:
		None
 Tracked objects:
		On entry : 
		On exit  : 
		Unchanged: 
 Data sizes:     COMRAM   BANK0   BANK1   BANK2   BANK3   BANK4   BANK5
      Params:         0       0       0       0       0       0       0
      Locals:         0       0       0       0       0       0       0
      Temps:          0       0       0       0       0       0       0
      Totals:         0       0       0       0       0       0       0
Total ram usage:        0 bytes
 Hardware stack levels used:    1
 This function calls:
		Nothing
 This function is called by:
		_INTERRUPT_InterruptManager
 This function uses a non-reentrant model



MODULE INFORMATION

Module		Function		Class		Link	Load	Size
/Applications/microchip/xc8/v1.45/sources/common/float.c
		___ftpack      		CODE           	0912	0000	175

/Applications/microchip/xc8/v1.45/sources/common/float.c estimated size: 175

/Applications/microchip/xc8/v1.45/sources/common/lwmod.c
		___lwmod       		CODE           	0AD2	0000	67

/Applications/microchip/xc8/v1.45/sources/common/lwmod.c estimated size: 67

/Applications/microchip/xc8/v1.45/sources/common/ftmul.c
		___ftmul       		CODE           	0736	0000	247

/Applications/microchip/xc8/v1.45/sources/common/ftmul.c estimated size: 247

mcc_generated_files/drivers/i2c_slave.c
		_i2c_slave_BusCollisionISR		CODE           	0E92	0000	3
		_i2c_slave_setWriteIntHandler		CODE           	0E1E	0000	11
		_i2c_slave_PWMAddrInterruptHandler		CODE           	0E70	0000	7
		_i2c_slave_setReadIntHandler		CODE           	0E28	0000	11
		_i2c_slave_setAddrIntHandler		CODE           	0E3C	0000	11
		_i2c_slave_setIsrHandler		CODE           	0DF6	0000	15
		_i2c_slave_ISR 		CODE           	0BAE	0000	47
		_i2c_slave_PWMRdInterruptHandler		CODE           	09C0	0000	101
		_i2c_slave_DefWrInterruptHandler		CODE           	0E60	0000	9
		_i2c_slave_open		CODE           	0A80	0000	83
		_i2c_slave_RdCallBack		CODE           	0CEA	0000	33
		_i2c_slave_WrCallBack		CODE           	0CCA	0000	33
		_i2c_slave_AddrCallBack		CODE           	0D0A	0000	33

mcc_generated_files/drivers/i2c_slave.c estimated size: 397

mcc_generated_files/eusart2.c
		_EUSART2_Write 		CODE           	0E12	0000	13
		_EUSART2_Initialize		CODE           	0D5E	0000	23

mcc_generated_files/eusart2.c estimated size: 36

/Applications/microchip/xc8/v1.45/sources/common/ftdiv.c
		___ftdiv       		CODE           	082C	0000	231

/Applications/microchip/xc8/v1.45/sources/common/ftdiv.c estimated size: 231

mcc_generated_files/pwm4.c
		_PWM4_Initialize		CODE           	0D9E	0000	21
		_PWM4_LoadDutyValue		CODE           	0B4C	0000	51

mcc_generated_files/pwm4.c estimated size: 72

mcc_generated_files/tmr2.c
		_TMR2_Initialize		CODE           	0DC6	0000	17
		_TMR2_StartTimer		CODE           	0E7A	0000	5

mcc_generated_files/tmr2.c estimated size: 22

mcc_generated_files/interrupt_manager.c
		_INTERRUPT_Initialize		CODE           	0E82	0000	5
		_INTERRUPT_InterruptManager		CODE           	0008	0000	221

mcc_generated_files/interrupt_manager.c estimated size: 226

/Applications/microchip/xc8/v1.45/sources/common/lltoft.c
		___lltoft      		CODE           	0A24	0000	93

/Applications/microchip/xc8/v1.45/sources/common/lltoft.c estimated size: 93

mcc_generated_files/i2c2_driver.c
		_i2c2_driver_setI2cISR		CODE           	0E32	0000	11
		_i2c2_driver_setAddr		CODE           	0E58	0000	9
		_i2c2_driver_setMask		CODE           	0E50	0000	9
		_i2c2_driver_isRead		CODE           	0DD6	0000	17
		_i2c2_driver_getRXData		CODE           	0E86	0000	5
		_i2c2_driver_TXData		CODE           	0E68	0000	9
		_i2c2_driver_setBusCollisionISR		CODE           	0E46	0000	11
		_i2c2_driver_isData		CODE           	0DE6	0000	17
		_mssp2_enableIRQ		CODE           	0E76	0000	5
		_i2c2_driver_releaseClock		CODE           	0E8A	0000	5
		_i2c2_driver_initSlaveHardware		CODE           	0D8A	0000	21

mcc_generated_files/i2c2_driver.c estimated size: 119

mcc_generated_files/pin_manager.c
		_PIN_MANAGER_Initialize		CODE           	0C0A	0000	43

mcc_generated_files/pin_manager.c estimated size: 43

/Applications/microchip/xc8/v1.45/sources/common/fttol.c
		___fttol       		CODE           	063E	0000	249

/Applications/microchip/xc8/v1.45/sources/common/fttol.c estimated size: 249

mcc_generated_files/adc.c
		_ADC_Initialize		CODE           	0D46	0000	25
		_ADC_GetConversion		CODE           	0B7E	0000	49
		_ADC_ISR       		CODE           	0E8E	0000	5

mcc_generated_files/adc.c estimated size: 79

/Applications/microchip/xc8/v1.45/sources/common/ftadd.c
		___ftadd       		CODE           	0490	0000	431

/Applications/microchip/xc8/v1.45/sources/common/ftadd.c estimated size: 431

sram_control.c
		_sram_write    		CODE           	0BDC	0000	47
		_sram_read     		CODE           	0C34	0000	41
		_SRAM_CONTROL_INITIALIZE		CODE           	0D74	0000	23

sram_control.c estimated size: 111

shared
		__initialization		CODE           	0B14	0000	43

shared estimated size: 43

mcc_generated_files/mcc.c
		_OSCILLATOR_Initialize		CODE           	0E04	0000	15
		_SYSTEM_Initialize		CODE           	0C5C	0000	39

mcc_generated_files/mcc.c estimated size: 54

/Applications/microchip/xc8/v1.45/sources/common/ftneg.c
		___ftneg       		CODE           	0CA6	0000	37

/Applications/microchip/xc8/v1.45/sources/common/ftneg.c estimated size: 37

mcc_generated_files/tmr1.c
		_TMR1_Initialize		CODE           	0D2A	0000	29
		_TMR1_StartTimer		CODE           	0E7E	0000	5

mcc_generated_files/tmr1.c estimated size: 34

mcc_generated_files/ccp5.c
		_CCP5_Initialize		CODE           	0DB2	0000	21

mcc_generated_files/ccp5.c estimated size: 21

main.c
		_main          		CODE           	00E8	0000	937

main.c estimated size: 937

/Applications/microchip/xc8/v1.45/sources/common/lwtoft.c
		___lwtoft      		CODE           	0C82	0000	37

/Applications/microchip/xc8/v1.45/sources/common/lwtoft.c estimated size: 37

