Microchip MPLAB XC8 Compiler V1.45 ()

Linker command line:

-W-3 --edf=/Applications/microchip/xc8/v1.45/dat/en_msgs.txt -cs \
  -h+dist/default/production/Lab2-Local-Integration-Control.X.production.sym \
  --cmf=dist/default/production/Lab2-Local-Integration-Control.X.production.cmf \
  -z -Q18F25K22 -o/tmp/xcOHW63iV \
  -Mdist/default/production/Lab2-Local-Integration-Control.X.production.map \
  -E1 -ver=XC8 -ASTACK=0178h-05ffh -pstack=STACK -ACODE=00h-07FFFh \
  -ACONST=00h-07FFFh -ASMALLCONST=0600h-06FFhx122 \
  -AMEDIUMCONST=0600h-07FFFh -ACOMRAM=01h-05Fh -AABS1=00h-05FFh \
  -ABIGRAM=01h-05FFh -ARAM=060h-0FFh,0100h-01FFhx5 -ABANK0=060h-0FFh \
  -ABANK1=0100h-01FFh -ABANK2=0200h-02FFh -ABANK3=0300h-03FFh \
  -ABANK4=0400h-04FFh -ABANK5=0500h-05FFh -ASFR=0F38h-0F5Fh,0F60h-0FFFh \
  -preset_vec=00h,intcode=08h,intcodelo,powerup,init -pramtop=0600h \
  -psmallconst=SMALLCONST -pmediumconst=MEDIUMCONST -pconst=CONST \
  -AFARRAM=00h-00h -ACONFIG=0300000h-030000Dh -pconfig=CONFIG \
  -AIDLOC=0200000h-0200007h -pidloc=IDLOC -AEEDATA=0F00000h-0F000FFh \
  -peeprom_data=EEDATA \
  -prdata=COMRAM,nvrram=COMRAM,nvbit=COMRAM,rbss=COMRAM,rbit=COMRAM \
  -pfarbss=FARRAM,fardata=FARRAM,nvFARRAM=FARRAM \
  -pintsave_regs=BIGRAM,bigbss=BIGRAM,bigdata=BIGRAM -pbss=RAM \
  -pidata=CODE,irdata=CODE,ibigdata=CODE,ifardata=CODE -prparam=COMRAM \
  /tmp/xcbJJHGHb.obj \
  dist/default/production/Lab2-Local-Integration-Control.X.production.obj 

Object code version is 3.11

Machine type is 18F25K22

Call graph: (short form)




                Name                               Link     Load   Length Selector   Space Scale
/tmp/xcbJJHGHb.obj
                init                                11A      11A        4        4       0
                reset_vec                             0        0        4        0       0
                idloc                            200000   200000        8   200000       0
                config                           300000   300000        E   300000       0
dist/default/production/Lab2-Local-Integration-Control.X.production.obj
                intcode                               8        8      112        4       0
                temp                                 47       47        1        1       1
                mediumconst                        7CF4     7CF4      30C     3E7A       0
                text115                            2EA0     2EA0       2E        4       0
                text114                            2B60     2B60       52        4       0
                text113                            2E72     2E72       2E        4       0
                text112                            2820     2820       68        4       0
                text111                            2E44     2E44       2E        4       0
                text110                            325E     325E        4        4       0
                text109                            3218     3218        6        4       0
                text108                            3212     3212        6        4       0
                text107                            325A     325A        4        4       0
                text106                            3256     3256        4        4       0
                text105                            3252     3252        4        4       0
                text104                            324E     324E        4        4       0
                text103                            324A     324A        4        4       0
                text102                            3264     3264        2        4       0
                text101                            320C     320C        6        4       0
                text100                            3246     3246        4        4       0
                text99                             31F8     31F8        8        4       0
                text98                             3056     3056       16        4       0
                text97                             3242     3242        4        4       0
                text96                             2A64     2A64       58        4       0
                text95                             30D2     30D2       10        4       0
                text94                             315E     315E        C        4       0
                text93                             31F0     31F0        8        4       0
                text92                             31E8     31E8        8        4       0
                text91                             31E0     31E0        8        4       0
                text90                             31D8     31D8        8        4       0
                text89                             30C2     30C2       10        4       0
                text88                             30B2     30B2       10        4       0
                text87                             3152     3152        C        4       0
                text86                             31D0     31D0        8        4       0
                text85                             31C8     31C8        8        4       0
                text84                             31C0     31C0        8        4       0
                text83                             2CE2     2CE2       48        4       0
                text82                             252C     252C       90        4       0
                text81                             273C     273C       74        4       0
                text80                             323E     323E        4        4       0
                text79                             2C9A     2C9A       48        4       0
                text77                             3040     3040       16        4       0
                text76                             2DDE     2DDE       34        4       0
                text75                             31A6     31A6        A        4       0
                text74                             319C     319C        A        4       0
                text73                             2C4E     2C4E       4C        4       0
                text72                             323A     323A        4        4       0
                text71                             3144     3144        E        4       0
                text70                             2ECE     2ECE       2A        4       0
                text69                             302A     302A       16        4       0
                text68                             22BC     22BC       AE        4       0
                text67                             2DA6     2DA6       38        4       0
                text66                             2100     2100       E8        4       0
                text65                             2F20     2F20       26        4       0
                text64                             2F6A     2F6A       1E        4       0
                text63                             21E8     21E8       D4        4       0
                text62                             2D6C     2D6C       3A        4       0
                text61                             28EE     28EE       60        4       0
                text60                             249A     249A       92        4       0
                text59                             2F46     2F46       24        4       0
                text58                             1B0A     1B0A      1AE        4       0
                text57                             2D2A     2D2A       42        4       0
                text56                             1F12     1F12       F8        4       0
                text55                             2640     2640       82        4       0
                text54                             2888     2888       66        4       0
                text53                             2A08     2A08       5C        4       0
                text52                             1DEA     1DEA      128        4       0
                text51                             1CB8     1CB8      132        4       0
                text50                             25BC     25BC       84        4       0
                text49                             27B0     27B0       70        4       0
                text48                             200A     200A       F6        4       0
                text47                             18AC     18AC      25E        4       0
                text46                             3192     3192        A        4       0
                text45                             148C     148C      420        4       0
                text44                              11E      11E      A82        4       0
                text43                             3236     3236        4        4       0
                text42                             3206     3206        6        4       0
                text41                             3232     3232        4        4       0
                text40                             322E     322E        4        4       0
                text39                             3188     3188        A        4       0
                text38                             317E     317E        A        4       0
                text37                             322A     322A        4        4       0
                text36                             3262     3262        2        4       0
                text35                             3200     3200        6        4       0
                text34                             3226     3226        4        4       0
                text33                             31B8     31B8        8        4       0
                text32                             3014     3014       16        4       0
                text31                             3222     3222        4        4       0
                text30                             294E     294E       5E        4       0
                text29                             2FFE     2FFE       16        4       0
                text28                             3090     3090       12        4       0
                text27                             3136     3136        E        4       0
                text26                             3128     3128        E        4       0
                text25                             311A     311A        E        4       0
                text24                             310C     310C        E        4       0
                text23                             2FE8     2FE8       16        4       0
                text22                             2FD2     2FD2       16        4       0
                text21                             307E     307E       12        4       0
                text20                             30FE     30FE        E        4       0
                text19                             30F0     30F0        E        4       0
                text18                             30E2     30E2        E        4       0
                text17                             2C00     2C00       4E        4       0
                text16                             2404     2404       96        4       0
                text15                             26C2     26C2       7A        4       0
                text14                             321E     321E        4        4       0
                text13                             2BB2     2BB2       4E        4       0
                text12                             306C     306C       12        4       0
                text11                             2FA2     2FA2       1A        4       0
                text10                             30A2     30A2       10        4       0
                text9                              2E12     2E12       32        4       0
                text8                              31B0     31B0        8        4       0
                text7                              2FBC     2FBC       16        4       0
                text6                              3174     3174        A        4       0
                text5                              316A     316A        A        4       0
                text4                              236A     236A       9A        4       0
                text3                              2F88     2F88       1A        4       0
                text2                              29AC     29AC       5C        4       0
                text1                              2EF8     2EF8       28        4       0
                text0                               BA0      BA0      8EC        4       0
                cstackCOMRAM                          1        1       2F        1       1
                cstackBANK0                          60       60       54       60       1
                cstackBANK1                         152      152       16      100       1
                dataBANK1                           100      100       52      100       1
                bssBANK1                            168      168       10      100       1
                bssBANK0                             B4       B4       44       60       1
                bssCOMRAM                            30       30       13        1       1
                cinit                              2B0E     2B0E       52        4       0
                nvBANK0                              F8       F8        2       60       1
                nvCOMRAM                             43       43        4        1       1
                idataBANK1                         2ABC     2ABC       52        4       0

TOTAL           Name                               Link     Load   Length     Space
        CLASS   STACK          

        CLASS   CODE           
                intcode                               8        8      112         0
                init                                11A      11A        4         0
                reset_vec                             0        0        4         0
                text115                            2EA0     2EA0       2E         0
                text114                            2B60     2B60       52         0
                text113                            2E72     2E72       2E         0
                text112                            2820     2820       68         0
                text111                            2E44     2E44       2E         0
                text110                            325E     325E        4         0
                text109                            3218     3218        6         0
                text108                            3212     3212        6         0
                text107                            325A     325A        4         0
                text106                            3256     3256        4         0
                text105                            3252     3252        4         0
                text104                            324E     324E        4         0
                text103                            324A     324A        4         0
                text102                            3264     3264        2         0
                text101                            320C     320C        6         0
                text100                            3246     3246        4         0
                text99                             31F8     31F8        8         0
                text98                             3056     3056       16         0
                text97                             3242     3242        4         0
                text96                             2A64     2A64       58         0
                text95                             30D2     30D2       10         0
                text94                             315E     315E        C         0
                text93                             31F0     31F0        8         0
                text92                             31E8     31E8        8         0
                text91                             31E0     31E0        8         0
                text90                             31D8     31D8        8         0
                text89                             30C2     30C2       10         0
                text88                             30B2     30B2       10         0
                text87                             3152     3152        C         0
                text86                             31D0     31D0        8         0
                text85                             31C8     31C8        8         0
                text84                             31C0     31C0        8         0
                text83                             2CE2     2CE2       48         0
                text82                             252C     252C       90         0
                text81                             273C     273C       74         0
                text80                             323E     323E        4         0
                text79                             2C9A     2C9A       48         0
                text77                             3040     3040       16         0
                text76                             2DDE     2DDE       34         0
                text75                             31A6     31A6        A         0
                text74                             319C     319C        A         0
                text73                             2C4E     2C4E       4C         0
                text72                             323A     323A        4         0
                text71                             3144     3144        E         0
                text70                             2ECE     2ECE       2A         0
                text69                             302A     302A       16         0
                text68                             22BC     22BC       AE         0
                text67                             2DA6     2DA6       38         0
                text66                             2100     2100       E8         0
                text65                             2F20     2F20       26         0
                text64                             2F6A     2F6A       1E         0
                text63                             21E8     21E8       D4         0
                text62                             2D6C     2D6C       3A         0
                text61                             28EE     28EE       60         0
                text60                             249A     249A       92         0
                text59                             2F46     2F46       24         0
                text58                             1B0A     1B0A      1AE         0
                text57                             2D2A     2D2A       42         0
                text56                             1F12     1F12       F8         0
                text55                             2640     2640       82         0
                text54                             2888     2888       66         0
                text53                             2A08     2A08       5C         0
                text52                             1DEA     1DEA      128         0
                text51                             1CB8     1CB8      132         0
                text50                             25BC     25BC       84         0
                text49                             27B0     27B0       70         0
                text48                             200A     200A       F6         0
                text47                             18AC     18AC      25E         0
                text46                             3192     3192        A         0
                text45                             148C     148C      420         0
                text44                              11E      11E      A82         0
                text43                             3236     3236        4         0
                text42                             3206     3206        6         0
                text41                             3232     3232        4         0
                text40                             322E     322E        4         0
                text39                             3188     3188        A         0
                text38                             317E     317E        A         0
                text37                             322A     322A        4         0
                text36                             3262     3262        2         0
                text35                             3200     3200        6         0
                text34                             3226     3226        4         0
                text33                             31B8     31B8        8         0
                text32                             3014     3014       16         0
                text31                             3222     3222        4         0
                text30                             294E     294E       5E         0
                text29                             2FFE     2FFE       16         0
                text28                             3090     3090       12         0
                text27                             3136     3136        E         0
                text26                             3128     3128        E         0
                text25                             311A     311A        E         0
                text24                             310C     310C        E         0
                text23                             2FE8     2FE8       16         0
                text22                             2FD2     2FD2       16         0
                text21                             307E     307E       12         0
                text20                             30FE     30FE        E         0
                text19                             30F0     30F0        E         0
                text18                             30E2     30E2        E         0
                text17                             2C00     2C00       4E         0
                text16                             2404     2404       96         0
                text15                             26C2     26C2       7A         0
                text14                             321E     321E        4         0
                text13                             2BB2     2BB2       4E         0
                text12                             306C     306C       12         0
                text11                             2FA2     2FA2       1A         0
                text10                             30A2     30A2       10         0
                text9                              2E12     2E12       32         0
                text8                              31B0     31B0        8         0
                text7                              2FBC     2FBC       16         0
                text6                              3174     3174        A         0
                text5                              316A     316A        A         0
                text4                              236A     236A       9A         0
                text3                              2F88     2F88       1A         0
                text2                              29AC     29AC       5C         0
                text1                              2EF8     2EF8       28         0
                text0                               BA0      BA0      8EC         0
                cinit                              2B0E     2B0E       52         0
                idataBANK1                         2ABC     2ABC       52         0

        CLASS   CONST          

        CLASS   SMALLCONST     

        CLASS   MEDIUMCONST    
                mediumconst                        7CF4     7CF4      30C         0

        CLASS   COMRAM         
                temp                                 47       47        1         1
                cstackCOMRAM                          1        1       2F         1
                bssCOMRAM                            30       30       13         1
                nvCOMRAM                             43       43        4         1

        CLASS   ABS1           

        CLASS   BIGRAM         

        CLASS   RAM            

        CLASS   BANK0          
                cstackBANK0                          60       60       54         1
                bssBANK0                             B4       B4       44         1
                nvBANK0                              F8       F8        2         1

        CLASS   BANK1          
                cstackBANK1                         152      152       16         1
                dataBANK1                           100      100       52         1
                bssBANK1                            168      168       10         1

        CLASS   BANK2          

        CLASS   BANK3          

        CLASS   BANK4          

        CLASS   BANK5          

        CLASS   SFR            

        CLASS   FARRAM         

        CLASS   CONFIG         
                config                           300000   300000        E         0

        CLASS   IDLOC          
                idloc                            200000   200000        8         0

        CLASS   EEDATA         



SEGMENTS        Name                           Load    Length   Top    Selector   Space  Class

                reset_vec                      000000  000004  000004         0       0  CODE    
                cstackCOMRAM                   000001  000047  000048         1       1  COMRAM  
                intcode                        000008  00325E  003266         4       0  CODE    
                cstackBANK0                    000060  00009A  0000FA        60       1  BANK0   
                dataBANK1                      000100  000078  000178       100       1  BANK1   
                mediumconst                    007CF4  00030C  008000      3E7A       0  MEDIUMCO
                idloc                          200000  000008  200008    200000       0  IDLOC   
                config                         300000  00000E  30000E    300000       0  CONFIG  


UNUSED ADDRESS RANGES

        Name                Unused          Largest block    Delta
        BANK0            0000FA-0000FF                6
        BANK1            000178-0001FF               88
        BANK2            000200-0002FF              100
        BANK3            000300-0003FF              100
        BANK4            000400-0004FF              100
        BANK5            000500-0005FF              100
        BIGRAM           000048-00005F               18
                         0000FA-0000FF                6
                         000178-0005FF              488
        CODE             000004-000007                4
                         003266-007CF3             4A8E
        COMRAM           000048-00005F               18
        CONST            000004-000007                4
                         003266-007CF3             4A8E
        EEDATA           F00000-F000FF              100
        MEDIUMCONST      003266-007CF3             4A8E
        RAM              0000FA-0000FF                6
                         000178-0005FF              100
        SFR              000F38-000FFF               28
        SMALLCONST       003266-007CF3              100
        STACK            000178-0005FF              488

                                  Symbol Table

?___awdiv                                cstackCOMRAM 00001F
?___awmod                                cstackCOMRAM 000019
?___awtoft                               cstackCOMRAM 000021
?___ftadd                                cstackBANK0  000076
?___ftdiv                                cstackCOMRAM 000025
?___ftmul                                cstackBANK0  000060
?___ftneg                                cstackCOMRAM 000019
?___ftpack                               cstackCOMRAM 000019
?___ftsub                                cstackBANK0  000082
?___fttol                                cstackBANK0  000073
?___lldiv                                cstackCOMRAM 000019
?___llmod                                cstackCOMRAM 000026
?___lltoft                               cstackCOMRAM 000021
?___wmul                                 cstackCOMRAM 000027
?__div_to_l_                             cstackCOMRAM 000019
?__tdiv_to_l_                            cstackCOMRAM 000019
?_atoi                                   cstackCOMRAM 00002D
?_fround                                 cstackBANK0  00006C
?_printf                                 cstackBANK0  000088
?_scale                                  cstackBANK0  00006C
EUSART1_Receive_ISR@receivedChar         cstackCOMRAM 000006
EUSART1_Receive_ISR@temp                 cstackCOMRAM 000004
EUSART1_Receive_ISR@temp_1741            cstackCOMRAM 000005
EUSART1_Write@txData                     cstackCOMRAM 000019
EUSART2_Receive_ISR@temp                 cstackCOMRAM 000002
EUSART2_Receive_ISR@temp_1598            cstackCOMRAM 000003
EUSART2_SetRxInterruptHandler@handler    cstackCOMRAM 000019
EUSART2_SetTxInterruptHandler@handler    cstackCOMRAM 000019
_ANSELA                                  (abs)        000F38
_ANSELB                                  (abs)        000F39
_ANSELC                                  (abs)        000F3A
_BAUDCON1                                (abs)        000FB8
_BAUDCON2                                (abs)        000F70
_EUSART1_Initialize                      text76       002DDE
_EUSART1_Receive_ISR                     text114      002B60
_EUSART1_Transmit_ISR                    text113      002E72
_EUSART1_Write                           text62       002D6C
_EUSART2_Initialize                      text73       002C4E
_EUSART2_Receive_ISR                     text112      002820
_EUSART2_RxDefaultInterruptHandler       nvBANK0      0000F8
_EUSART2_SetRxInterruptHandler           text75       0031A6
_EUSART2_SetTxInterruptHandler           text74       00319C
_EUSART2_Transmit_ISR                    text111      002E44
_EUSART2_TxDefaultInterruptHandler       nvCOMRAM     000043
_INTCON2bits                             (abs)        000FF1
_INTCONbits                              (abs)        000FF2
_INTERRUPT_Initialize                    text72       00323A
_INTERRUPT_InterruptManager              intcode      000008
_LATA                                    (abs)        000F89
_LATB                                    (abs)        000F8A
_LATC                                    (abs)        000F8B
_OSCCON                                  (abs)        000FD3
_OSCCON2                                 (abs)        000FD2
_OSCILLATOR_Initialize                   text71       003144
_OSCTUNE                                 (abs)        000F9B
_PIE1bits                                (abs)        000F9D
_PIE2bits                                (abs)        000FA0
_PIE3bits                                (abs)        000FA3
_PIN_MANAGER_Initialize                  text70       002ECE
_PIR1bits                                (abs)        000F9E
_PIR2bits                                (abs)        000FA1
_PIR3bits                                (abs)        000FA4
_PORTA                                   (abs)        000F80
_PORTB                                   (abs)        000F81
_PORTBbits                               (abs)        000F81
_RCONbits                                (abs)        000FD0
_RCREG1                                  (abs)        000FAE
_RCREG2                                  (abs)        000F74
_RCSTA1                                  (abs)        000FAB
_RCSTA1bits                              (abs)        000FAB
_RCSTA2                                  (abs)        000F71
_RCSTA2bits                              (abs)        000F71
_SPBRG1                                  (abs)        000FAF
_SPBRG2                                  (abs)        000F75
_SPBRGH1                                 (abs)        000FB0
_SPBRGH2                                 (abs)        000F76
_SRAM_CONTROL_INITIALIZE                 text77       003040
_SSP1ADD                                 (abs)        000FC8
_SSP1BUF                                 (abs)        000FC9
_SSP1CON1                                (abs)        000FC6
_SSP1CON1bits                            (abs)        000FC6
_SSP1CON2                                (abs)        000FC5
_SSP1CON2bits                            (abs)        000FC5
_SSP1MSK                                 (abs)        000FCA
_SSP1STAT                                (abs)        000FC7
_SSP1STATbits                            (abs)        000FC7
_SYSTEM_Initialize                       text69       00302A
_TRISA                                   (abs)        000F92
_TRISB                                   (abs)        000F93
_TRISC                                   (abs)        000F94
_TXREG1                                  (abs)        000FAD
_TXREG2                                  (abs)        000F73
_TXSTA1                                  (abs)        000FAC
_TXSTA2                                  (abs)        000F72
_TXSTA2bits                              (abs)        000F72
_WPUB                                    (abs)        000F61
__CFG_BOREN$SBORDIS                      (abs)        000000
__CFG_BORV$190                           (abs)        000000
__CFG_CCP2MX$PORTC1                      (abs)        000000
__CFG_CCP3MX$PORTB5                      (abs)        000000
__CFG_CP0$OFF                            (abs)        000000
__CFG_CP1$OFF                            (abs)        000000
__CFG_CP2$OFF                            (abs)        000000
__CFG_CP3$OFF                            (abs)        000000
__CFG_CPB$OFF                            (abs)        000000
__CFG_CPD$OFF                            (abs)        000000
__CFG_DEBUG$OFF                          (abs)        000000
__CFG_EBTR0$OFF                          (abs)        000000
__CFG_EBTR1$OFF                          (abs)        000000
__CFG_EBTR2$OFF                          (abs)        000000
__CFG_EBTR3$OFF                          (abs)        000000
__CFG_EBTRB$OFF                          (abs)        000000
__CFG_FCMEN$OFF                          (abs)        000000
__CFG_FOSC$INTIO67                       (abs)        000000
__CFG_HFOFST$ON                          (abs)        000000
__CFG_IESO$OFF                           (abs)        000000
__CFG_LVP$ON                             (abs)        000000
__CFG_MCLRE$EXTMCLR                      (abs)        000000
__CFG_P2BMX$PORTB5                       (abs)        000000
__CFG_PBADEN$ON                          (abs)        000000
__CFG_PLLCFG$OFF                         (abs)        000000
__CFG_PRICLKEN$ON                        (abs)        000000
__CFG_PWRTEN$OFF                         (abs)        000000
__CFG_STVREN$ON                          (abs)        000000
__CFG_T3CMX$PORTC0                       (abs)        000000
__CFG_WDTEN$OFF                          (abs)        000000
__CFG_WDTPS$32768                        (abs)        000000
__CFG_WRT0$OFF                           (abs)        000000
__CFG_WRT1$OFF                           (abs)        000000
__CFG_WRT2$OFF                           (abs)        000000
__CFG_WRT3$OFF                           (abs)        000000
__CFG_WRTB$OFF                           (abs)        000000
__CFG_WRTC$OFF                           (abs)        000000
__CFG_WRTD$OFF                           (abs)        000000
__CFG_XINST$OFF                          (abs)        000000
__HRAM                                   (abs)        000000
__Habs1                                  abs1         000000
__Hbank0                                 bank0        000000
__Hbank1                                 bank1        000000
__Hbank2                                 bank2        000000
__Hbank3                                 bank3        000000
__Hbank4                                 bank4        000000
__Hbank5                                 bank5        000000
__Hbigbss                                bigbss       000000
__Hbigdata                               bigdata      000000
__Hbigram                                bigram       000000
__Hbss                                   bss          000000
__HbssBANK0                              bssBANK0     000000
__HbssBANK1                              bssBANK1     000000
__HbssCOMRAM                             bssCOMRAM    000000
__Hcinit                                 cinit        000000
__Hclrtext                               clrtext      000000
__Hcomram                                comram       000000
__Hconfig                                config       30000E
__Hconst                                 const        000000
__HcstackBANK0                           cstackBANK0  000000
__HcstackBANK1                           cstackBANK1  000000
__HcstackCOMRAM                          cstackCOMRAM 000000
__Hdata                                  data         000000
__HdataBANK1                             dataBANK1    000000
__Heeprom_data                           eeprom_data  000000
__Hfarbss                                farbss       000000
__Hfardata                               fardata      000000
__Hibigdata                              ibigdata     000000
__Hidata                                 idata        000000
__HidataBANK1                            idataBANK1   000000
__Hidloc                                 idloc        200008
__Hifardata                              ifardata     000000
__Hinit                                  init         00011E
__Hintcode                               intcode      00011A
__Hintcode_body                          intcode_body 000000
__Hintcodelo                             intcodelo    00011A
__Hintentry                              intentry     000000
__Hintret                                intret       000000
__Hintsave_regs                          intsave_regs 000000
__Hirdata                                irdata       000000
__Hmediumconst                           mediumconst  008000
__HnvBANK0                               nvBANK0      000000
__HnvCOMRAM                              nvCOMRAM     000000
__HnvFARRAM                              nvFARRAM     000000
__Hnvbit                                 nvbit        000000
__Hnvrram                                nvrram       000000
__Hparam                                 rparam       000000
__Hpowerup                               powerup      00011A
__Hram                                   ram          000000
__Hramtop                                ramtop       000600
__Hrbit                                  rbit         000000
__Hrbss                                  rbss         000000
__Hrdata                                 rdata        000000
__Hreset_vec                             reset_vec    000004
__Hrparam                                rparam       000000
__Hsfr                                   sfr          000000
__Hsmallconst                            smallconst   000000
__Hspace_0                               (abs)        30000E
__Hspace_1                               (abs)        000178
__Hspace_2                               (abs)        000000
__Hstack                                 stack        000000
__Hstruct                                struct       000000
__Htemp                                  temp         000048
__Htext                                  text         000000
__Htext0                                 text0        000000
__Htext1                                 text1        000000
__Htext10                                text10       000000
__Htext100                               text100      000000
__Htext101                               text101      000000
__Htext102                               text102      000000
__Htext103                               text103      000000
__Htext104                               text104      000000
__Htext105                               text105      000000
__Htext106                               text106      000000
__Htext107                               text107      000000
__Htext108                               text108      000000
__Htext109                               text109      000000
__Htext11                                text11       000000
__Htext110                               text110      000000
__Htext111                               text111      000000
__Htext112                               text112      000000
__Htext113                               text113      000000
__Htext114                               text114      000000
__Htext115                               text115      000000
__Htext116                               text116      000000
__Htext12                                text12       000000
__Htext13                                text13       000000
__Htext14                                text14       000000
__Htext15                                text15       000000
__Htext16                                text16       000000
__Htext17                                text17       000000
__Htext18                                text18       000000
__Htext19                                text19       000000
__Htext2                                 text2        000000
__Htext20                                text20       000000
__Htext21                                text21       000000
__Htext22                                text22       000000
__Htext23                                text23       000000
__Htext24                                text24       000000
__Htext25                                text25       000000
__Htext26                                text26       000000
__Htext27                                text27       000000
__Htext28                                text28       000000
__Htext29                                text29       000000
__Htext3                                 text3        000000
__Htext30                                text30       000000
__Htext31                                text31       000000
__Htext32                                text32       000000
__Htext33                                text33       000000
__Htext34                                text34       000000
__Htext35                                text35       000000
__Htext36                                text36       000000
__Htext37                                text37       000000
__Htext38                                text38       000000
__Htext39                                text39       000000
__Htext4                                 text4        000000
__Htext40                                text40       000000
__Htext41                                text41       000000
__Htext42                                text42       000000
__Htext43                                text43       000000
__Htext44                                text44       000000
__Htext45                                text45       000000
__Htext46                                text46       000000
__Htext47                                text47       000000
__Htext48                                text48       000000
__Htext49                                text49       000000
__Htext5                                 text5        000000
__Htext50                                text50       000000
__Htext51                                text51       000000
__Htext52                                text52       000000
__Htext53                                text53       000000
__Htext54                                text54       000000
__Htext55                                text55       000000
__Htext56                                text56       000000
__Htext57                                text57       000000
__Htext58                                text58       000000
__Htext59                                text59       000000
__Htext6                                 text6        000000
__Htext60                                text60       000000
__Htext61                                text61       000000
__Htext62                                text62       000000
__Htext63                                text63       000000
__Htext64                                text64       000000
__Htext65                                text65       000000
__Htext66                                text66       000000
__Htext67                                text67       000000
__Htext68                                text68       000000
__Htext69                                text69       000000
__Htext7                                 text7        000000
__Htext70                                text70       000000
__Htext71                                text71       000000
__Htext72                                text72       000000
__Htext73                                text73       000000
__Htext74                                text74       000000
__Htext75                                text75       000000
__Htext76                                text76       000000
__Htext77                                text77       000000
__Htext79                                text79       000000
__Htext8                                 text8        000000
__Htext80                                text80       000000
__Htext81                                text81       000000
__Htext82                                text82       000000
__Htext83                                text83       000000
__Htext84                                text84       000000
__Htext85                                text85       000000
__Htext86                                text86       000000
__Htext87                                text87       000000
__Htext88                                text88       000000
__Htext89                                text89       000000
__Htext9                                 text9        000000
__Htext90                                text90       000000
__Htext91                                text91       000000
__Htext92                                text92       000000
__Htext93                                text93       000000
__Htext94                                text94       000000
__Htext95                                text95       000000
__Htext96                                text96       000000
__Htext97                                text97       000000
__Htext98                                text98       000000
__Htext99                                text99       000000
__LRAM                                   (abs)        000001
__Labs1                                  abs1         000000
__Lbank0                                 bank0        000000
__Lbank1                                 bank1        000000
__Lbank2                                 bank2        000000
__Lbank3                                 bank3        000000
__Lbank4                                 bank4        000000
__Lbank5                                 bank5        000000
__Lbigbss                                bigbss       000000
__Lbigdata                               bigdata      000000
__Lbigram                                bigram       000000
__Lbss                                   bss          000000
__LbssBANK0                              bssBANK0     000000
__LbssBANK1                              bssBANK1     000000
__LbssCOMRAM                             bssCOMRAM    000000
__Lcinit                                 cinit        000000
__Lclrtext                               clrtext      000000
__Lcomram                                comram       000000
__Lconfig                                config       300000
__Lconst                                 const        000000
__LcstackBANK0                           cstackBANK0  000000
__LcstackBANK1                           cstackBANK1  000000
__LcstackCOMRAM                          cstackCOMRAM 000000
__Ldata                                  data         000000
__LdataBANK1                             dataBANK1    000000
__Leeprom_data                           eeprom_data  000000
__Lfarbss                                farbss       000000
__Lfardata                               fardata      000000
__Libigdata                              ibigdata     000000
__Lidata                                 idata        000000
__LidataBANK1                            idataBANK1   000000
__Lidloc                                 idloc        200000
__Lifardata                              ifardata     000000
__Linit                                  init         00011A
__Lintcode                               intcode      000008
__Lintcode_body                          intcode_body 000000
__Lintcodelo                             intcodelo    00011A
__Lintentry                              intentry     000000
__Lintret                                intret       000000
__Lintsave_regs                          intsave_regs 000000
__Lirdata                                irdata       000000
__Lmediumconst                           mediumconst  007CF4
__LnvBANK0                               nvBANK0      000000
__LnvCOMRAM                              nvCOMRAM     000000
__LnvFARRAM                              nvFARRAM     000000
__Lnvbit                                 nvbit        000000
__Lnvrram                                nvrram       000000
__Lparam                                 rparam       000000
__Lpowerup                               powerup      00011A
__Lram                                   ram          000000
__Lramtop                                ramtop       000600
__Lrbit                                  rbit         000000
__Lrbss                                  rbss         000000
__Lrdata                                 rdata        000000
__Lreset_vec                             reset_vec    000000
__Lrparam                                rparam       000000
__Lsfr                                   sfr          000000
__Lsmallconst                            smallconst   000000
__Lspace_0                               (abs)        000000
__Lspace_1                               (abs)        000000
__Lspace_2                               (abs)        000000
__Lstack                                 stack        000000
__Lstruct                                struct       000000
__Ltemp                                  temp         000047
__Ltext                                  text         000000
__Ltext0                                 text0        000000
__Ltext1                                 text1        000000
__Ltext10                                text10       000000
__Ltext100                               text100      000000
__Ltext101                               text101      000000
__Ltext102                               text102      000000
__Ltext103                               text103      000000
__Ltext104                               text104      000000
__Ltext105                               text105      000000
__Ltext106                               text106      000000
__Ltext107                               text107      000000
__Ltext108                               text108      000000
__Ltext109                               text109      000000
__Ltext11                                text11       000000
__Ltext110                               text110      000000
__Ltext111                               text111      000000
__Ltext112                               text112      000000
__Ltext113                               text113      000000
__Ltext114                               text114      000000
__Ltext115                               text115      000000
__Ltext116                               text116      000000
__Ltext12                                text12       000000
__Ltext13                                text13       000000
__Ltext14                                text14       000000
__Ltext15                                text15       000000
__Ltext16                                text16       000000
__Ltext17                                text17       000000
__Ltext18                                text18       000000
__Ltext19                                text19       000000
__Ltext2                                 text2        000000
__Ltext20                                text20       000000
__Ltext21                                text21       000000
__Ltext22                                text22       000000
__Ltext23                                text23       000000
__Ltext24                                text24       000000
__Ltext25                                text25       000000
__Ltext26                                text26       000000
__Ltext27                                text27       000000
__Ltext28                                text28       000000
__Ltext29                                text29       000000
__Ltext3                                 text3        000000
__Ltext30                                text30       000000
__Ltext31                                text31       000000
__Ltext32                                text32       000000
__Ltext33                                text33       000000
__Ltext34                                text34       000000
__Ltext35                                text35       000000
__Ltext36                                text36       000000
__Ltext37                                text37       000000
__Ltext38                                text38       000000
__Ltext39                                text39       000000
__Ltext4                                 text4        000000
__Ltext40                                text40       000000
__Ltext41                                text41       000000
__Ltext42                                text42       000000
__Ltext43                                text43       000000
__Ltext44                                text44       000000
__Ltext45                                text45       000000
__Ltext46                                text46       000000
__Ltext47                                text47       000000
__Ltext48                                text48       000000
__Ltext49                                text49       000000
__Ltext5                                 text5        000000
__Ltext50                                text50       000000
__Ltext51                                text51       000000
__Ltext52                                text52       000000
__Ltext53                                text53       000000
__Ltext54                                text54       000000
__Ltext55                                text55       000000
__Ltext56                                text56       000000
__Ltext57                                text57       000000
__Ltext58                                text58       000000
__Ltext59                                text59       000000
__Ltext6                                 text6        000000
__Ltext60                                text60       000000
__Ltext61                                text61       000000
__Ltext62                                text62       000000
__Ltext63                                text63       000000
__Ltext64                                text64       000000
__Ltext65                                text65       000000
__Ltext66                                text66       000000
__Ltext67                                text67       000000
__Ltext68                                text68       000000
__Ltext69                                text69       000000
__Ltext7                                 text7        000000
__Ltext70                                text70       000000
__Ltext71                                text71       000000
__Ltext72                                text72       000000
__Ltext73                                text73       000000
__Ltext74                                text74       000000
__Ltext75                                text75       000000
__Ltext76                                text76       000000
__Ltext77                                text77       000000
__Ltext79                                text79       000000
__Ltext8                                 text8        000000
__Ltext80                                text80       000000
__Ltext81                                text81       000000
__Ltext82                                text82       000000
__Ltext83                                text83       000000
__Ltext84                                text84       000000
__Ltext85                                text85       000000
__Ltext86                                text86       000000
__Ltext87                                text87       000000
__Ltext88                                text88       000000
__Ltext89                                text89       000000
__Ltext9                                 text9        000000
__Ltext90                                text90       000000
__Ltext91                                text91       000000
__Ltext92                                text92       000000
__Ltext93                                text93       000000
__Ltext94                                text94       000000
__Ltext95                                text95       000000
__Ltext96                                text96       000000
__Ltext97                                text97       000000
__Ltext98                                text98       000000
__Ltext99                                text99       000000
__S0                                     (abs)        30000E
__S1                                     (abs)        000178
__S2                                     (abs)        000000
___awdiv                                 text50       0025BC
___awdiv@counter                         cstackCOMRAM 000023
___awdiv@dividend                        cstackCOMRAM 00001F
___awdiv@divisor                         cstackCOMRAM 000021
___awdiv@quotient                        cstackCOMRAM 000025
___awdiv@sign                            cstackCOMRAM 000024
___awmod                                 text49       0027B0
___awmod@counter                         cstackCOMRAM 00001D
___awmod@dividend                        cstackCOMRAM 000019
___awmod@divisor                         cstackCOMRAM 00001B
___awmod@sign                            cstackCOMRAM 00001E
___awtoft                                text67       002DA6
___awtoft@c                              cstackCOMRAM 000021
___awtoft@sign                           cstackCOMRAM 000024
___ftadd                                 text58       001B0A
___ftadd@exp1                            cstackBANK0  000081
___ftadd@exp2                            cstackBANK0  000080
___ftadd@f1                              cstackBANK0  000076
___ftadd@f2                              cstackBANK0  000079
___ftadd@sign                            cstackBANK0  00007F
___ftdiv                                 text66       002100
___ftdiv@cntr                            cstackBANK0  000060
___ftdiv@exp                             cstackBANK0  000064
___ftdiv@f1                              cstackCOMRAM 000025
___ftdiv@f2                              cstackCOMRAM 000028
___ftdiv@f3                              cstackBANK0  000061
___ftdiv@sign                            cstackBANK0  000065
___ftge                                  text60       00249A
___ftge@ff1                              cstackBANK0  000066
___ftge@ff2                              cstackBANK0  000069
___ftmul                                 text48       00200A
___ftmul@cntr                            cstackBANK0  00006A
___ftmul@exp                             cstackBANK0  000066
___ftmul@f1                              cstackBANK0  000060
___ftmul@f2                              cstackBANK0  000063
___ftmul@f3_as_product                   cstackBANK0  000067
___ftmul@sign                            cstackBANK0  00006B
___ftneg                                 text59       002F46
___ftneg@f1                              cstackCOMRAM 000019
___ftpack                                text68       0022BC
___ftpack@arg                            cstackCOMRAM 000019
___ftpack@exp                            cstackCOMRAM 00001C
___ftpack@sign                           cstackCOMRAM 00001D
___ftsub                                 text57       002D2A
___ftsub@f1                              cstackBANK0  000082
___ftsub@f2                              cstackBANK0  000085
___fttol                                 text56       001F12
___fttol@exp1                            cstackBANK0  000081
___fttol@f1                              cstackBANK0  000073
___fttol@lval                            cstackBANK0  00007D
___fttol@sign1                           cstackBANK0  00007C
___inthi_sp                              stack        000000
___intlo_sp                              stack        000000
___lldiv                                 text55       002640
___lldiv@counter                         cstackCOMRAM 000025
___lldiv@dividend                        cstackCOMRAM 000019
___lldiv@divisor                         cstackCOMRAM 00001D
___lldiv@quotient                        cstackCOMRAM 000021
___llmod                                 text54       002888
___llmod@counter                         cstackCOMRAM 00002E
___llmod@dividend                        cstackCOMRAM 000026
___llmod@divisor                         cstackCOMRAM 00002A
___lltoft                                text53       002A08
___lltoft@c                              cstackCOMRAM 000021
___lltoft@exp                            cstackCOMRAM 000029
___param_bank                            (abs)        000000
___rparam_used                           (abs)        000001
___sp                                    stack        000000
___wmul                                  text65       002F20
___wmul@multiplicand                     cstackCOMRAM 000029
___wmul@multiplier                       cstackCOMRAM 000027
___wmul@product                          cstackCOMRAM 00002B
__accesstop                              (abs)        000060
__activetblptr                           (abs)        000002
__div_to_l_                              text52       001DEA
__div_to_l_@cntr                         cstackCOMRAM 000023
__div_to_l_@exp1                         cstackCOMRAM 000024
__div_to_l_@f1                           cstackCOMRAM 000019
__div_to_l_@f2                           cstackCOMRAM 00001C
__div_to_l_@quot                         cstackCOMRAM 00001F
__end_of_EUSART1_Initialize              text76       002E12
__end_of_EUSART1_Receive_ISR             text114      002BB2
__end_of_EUSART1_Transmit_ISR            text113      002EA0
__end_of_EUSART1_Write                   text62       002DA6
__end_of_EUSART2_Initialize              text73       002C9A
__end_of_EUSART2_Receive_ISR             text112      002888
__end_of_EUSART2_SetRxInterruptHandler   text75       0031B0
__end_of_EUSART2_SetTxInterruptHandler   text74       0031A6
__end_of_EUSART2_Transmit_ISR            text111      002E72
__end_of_INTERRUPT_Initialize            text72       00323E
__end_of_INTERRUPT_InterruptManager      intcode      00011A
__end_of_OSCILLATOR_Initialize           text71       003152
__end_of_PIN_MANAGER_Initialize          text70       002EF8
__end_of_SRAM_CONTROL_INITIALIZE         text77       003056
__end_of_SYSTEM_Initialize               text69       003040
__end_of___awdiv                         text50       002640
__end_of___awmod                         text49       002820
__end_of___awtoft                        text67       002DDE
__end_of___ftadd                         text58       001CB8
__end_of___ftdiv                         text66       0021E8
__end_of___ftge                          text60       00252C
__end_of___ftmul                         text48       002100
__end_of___ftneg                         text59       002F6A
__end_of___ftpack                        text68       00236A
__end_of___ftsub                         text57       002D6C
__end_of___fttol                         text56       00200A
__end_of___lldiv                         text55       0026C2
__end_of___llmod                         text54       0028EE
__end_of___lltoft                        text53       002A64
__end_of___wmul                          text65       002F46
__end_of__div_to_l_                      text52       001F12
__end_of__initialization                 cinit        002B52
__end_of__npowers_                       mediumconst  007D6B
__end_of__powers_                        mediumconst  007D44
__end_of__tdiv_to_l_                     text51       001DEA
__end_of_atoi                            text63       0022BC
__end_of_do_I2C_DO_ACK                   text20       00310C
__end_of_do_I2C_DO_ADDRESS_NACK          text17       002C4E
__end_of_do_I2C_DO_NACK_RESTART          text18       0030F0
__end_of_do_I2C_DO_NACK_STOP             text19       0030FE
__end_of_do_I2C_IDLE                     text28       0030A2
__end_of_do_I2C_RCEN                     text21       003090
__end_of_do_I2C_RESET                    text29       003014
__end_of_do_I2C_RX                       text15       00273C
__end_of_do_I2C_SEND_ADR_READ            text23       002FFE
__end_of_do_I2C_SEND_ADR_WRITE           text22       002FE8
__end_of_do_I2C_SEND_RESTART             text25       003128
__end_of_do_I2C_SEND_RESTART_READ        text27       003144
__end_of_do_I2C_SEND_RESTART_WRITE       text26       003136
__end_of_do_I2C_SEND_STOP                text24       00311A
__end_of_do_I2C_TX                       text16       00249A
__end_of_do_I2C_TX_EMPTY                 text30       0029AC
__end_of_dpowers                         mediumconst  007D1D
__end_of_fround                          text47       001B0A
__end_of_i2c1_driver_TXData              text33       0031C0
__end_of_i2c1_driver_clearBusCollision   text110      003262
__end_of_i2c1_driver_getRXData           text34       00322A
__end_of_i2c1_driver_isNACK              text32       00302A
__end_of_i2c1_driver_open                text7        002FD2
__end_of_i2c1_driver_resetBus            text36       003264
__end_of_i2c1_driver_restart             text41       003236
__end_of_i2c1_driver_sendACK             text42       00320C
__end_of_i2c1_driver_sendNACK            text35       003206
__end_of_i2c1_driver_setBusCollisionISR  text6        00317E
__end_of_i2c1_driver_setI2cISR           text5        003174
__end_of_i2c1_driver_start               text43       00323A
__end_of_i2c1_driver_startRX             text37       00322E
__end_of_i2c1_driver_stop                text40       003232
__end_of_i2c_ISR                         text13       002C00
__end_of_i2c_busCollisionISR             text109      00321E
__end_of_i2c_masterOperation             text9        002E44
__end_of_i2c_masterWrite                 text8        0031B8
__end_of_i2c_open                        text4        002404
__end_of_i2c_poller                      text11       002FBC
__end_of_i2c_setBuffer                   text3        002FA2
__end_of_isdigit                         text64       002F88
__end_of_main                            text0        00148C
__end_of_mssp1_IRQisEnabled              text10       0030B2
__end_of_mssp1_clearIRQ                  text14       003222
__end_of_mssp1_setIRQ                    text31       003226
__end_of_mssp1_waitForEvent              text12       00307E
__end_of_printString                     text61       00294E
__end_of_printf                          text44       000BA0
__end_of_putch                           text46       00319C
__end_of_returnReset                     text38       003188
__end_of_returnStop                      text39       003192
__end_of_scale                           text45       0018AC
__end_of_sendDataToRemoteNode            text2        002A08
__end_of_sram_read                       text1        002F20
__end_of_sram_write                      text115      002ECE
__end_ofi2_do_I2C_DO_ACK                 text86       0031D8
__end_ofi2_do_I2C_DO_ADDRESS_NACK        text83       002D2A
__end_ofi2_do_I2C_DO_NACK_RESTART        text84       0031C8
__end_ofi2_do_I2C_DO_NACK_STOP           text85       0031D0
__end_ofi2_do_I2C_IDLE                   text94       00316A
__end_ofi2_do_I2C_RCEN                   text87       00315E
__end_ofi2_do_I2C_RESET                  text95       0030E2
__end_ofi2_do_I2C_RX                     text81       0027B0
__end_ofi2_do_I2C_SEND_ADR_READ          text89       0030D2
__end_ofi2_do_I2C_SEND_ADR_WRITE         text88       0030C2
__end_ofi2_do_I2C_SEND_RESTART           text91       0031E8
__end_ofi2_do_I2C_SEND_RESTART_READ      text93       0031F8
__end_ofi2_do_I2C_SEND_RESTART_WRITE     text92       0031F0
__end_ofi2_do_I2C_SEND_STOP              text90       0031E0
__end_ofi2_do_I2C_TX                     text82       0025BC
__end_ofi2_do_I2C_TX_EMPTY               text96       002ABC
__end_ofi2_i2c1_driver_TXData            text99       003200
__end_ofi2_i2c1_driver_getRXData         text100      00324A
__end_ofi2_i2c1_driver_isNACK            text98       00306C
__end_ofi2_i2c1_driver_resetBus          text102      003266
__end_ofi2_i2c1_driver_restart           text107      00325E
__end_ofi2_i2c1_driver_sendACK           text108      003218
__end_ofi2_i2c1_driver_sendNACK          text101      003212
__end_ofi2_i2c1_driver_startRX           text103      00324E
__end_ofi2_i2c1_driver_stop              text106      00325A
__end_ofi2_i2c_ISR                       text79       002CE2
__end_ofi2_mssp1_clearIRQ                text80       003242
__end_ofi2_mssp1_setIRQ                  text97       003246
__end_ofi2_returnReset                   text104      003252
__end_ofi2_returnStop                    text105      003256
__initialization                         cinit        002B0E
__mediumconst                            mediumconst  007CF4
__npowers_                               mediumconst  007D44
__pbssBANK0                              bssBANK0     0000B4
__pbssBANK1                              bssBANK1     000168
__pbssCOMRAM                             bssCOMRAM    000030
__pcinit                                 cinit        002B0E
__pcstackBANK0                           cstackBANK0  000060
__pcstackBANK1                           cstackBANK1  000152
__pcstackCOMRAM                          cstackCOMRAM 000001
__pdataBANK1                             dataBANK1    000100
__pidataBANK1                            idataBANK1   002ABC
__pintcode                               intcode      000008
__pmediumconst                           mediumconst  007CF4
__pnvBANK0                               nvBANK0      0000F8
__pnvCOMRAM                              nvCOMRAM     000043
__powers_                                mediumconst  007D1D
__ptext0                                 text0        000BA0
__ptext1                                 text1        002EF8
__ptext10                                text10       0030A2
__ptext100                               text100      003246
__ptext101                               text101      00320C
__ptext102                               text102      003264
__ptext103                               text103      00324A
__ptext104                               text104      00324E
__ptext105                               text105      003252
__ptext106                               text106      003256
__ptext107                               text107      00325A
__ptext108                               text108      003212
__ptext109                               text109      003218
__ptext11                                text11       002FA2
__ptext110                               text110      00325E
__ptext111                               text111      002E44
__ptext112                               text112      002820
__ptext113                               text113      002E72
__ptext114                               text114      002B60
__ptext115                               text115      002EA0
__ptext116                               text116      000000
__ptext12                                text12       00306C
__ptext13                                text13       002BB2
__ptext14                                text14       00321E
__ptext15                                text15       0026C2
__ptext16                                text16       002404
__ptext17                                text17       002C00
__ptext18                                text18       0030E2
__ptext19                                text19       0030F0
__ptext2                                 text2        0029AC
__ptext20                                text20       0030FE
__ptext21                                text21       00307E
__ptext22                                text22       002FD2
__ptext23                                text23       002FE8
__ptext24                                text24       00310C
__ptext25                                text25       00311A
__ptext26                                text26       003128
__ptext27                                text27       003136
__ptext28                                text28       003090
__ptext29                                text29       002FFE
__ptext3                                 text3        002F88
__ptext30                                text30       00294E
__ptext31                                text31       003222
__ptext32                                text32       003014
__ptext33                                text33       0031B8
__ptext34                                text34       003226
__ptext35                                text35       003200
__ptext36                                text36       003262
__ptext37                                text37       00322A
__ptext38                                text38       00317E
__ptext39                                text39       003188
__ptext4                                 text4        00236A
__ptext40                                text40       00322E
__ptext41                                text41       003232
__ptext42                                text42       003206
__ptext43                                text43       003236
__ptext44                                text44       00011E
__ptext45                                text45       00148C
__ptext46                                text46       003192
__ptext47                                text47       0018AC
__ptext48                                text48       00200A
__ptext49                                text49       0027B0
__ptext5                                 text5        00316A
__ptext50                                text50       0025BC
__ptext51                                text51       001CB8
__ptext52                                text52       001DEA
__ptext53                                text53       002A08
__ptext54                                text54       002888
__ptext55                                text55       002640
__ptext56                                text56       001F12
__ptext57                                text57       002D2A
__ptext58                                text58       001B0A
__ptext59                                text59       002F46
__ptext6                                 text6        003174
__ptext60                                text60       00249A
__ptext61                                text61       0028EE
__ptext62                                text62       002D6C
__ptext63                                text63       0021E8
__ptext64                                text64       002F6A
__ptext65                                text65       002F20
__ptext66                                text66       002100
__ptext67                                text67       002DA6
__ptext68                                text68       0022BC
__ptext69                                text69       00302A
__ptext7                                 text7        002FBC
__ptext70                                text70       002ECE
__ptext71                                text71       003144
__ptext72                                text72       00323A
__ptext73                                text73       002C4E
__ptext74                                text74       00319C
__ptext75                                text75       0031A6
__ptext76                                text76       002DDE
__ptext77                                text77       003040
__ptext79                                text79       002C9A
__ptext8                                 text8        0031B0
__ptext80                                text80       00323E
__ptext81                                text81       00273C
__ptext82                                text82       00252C
__ptext83                                text83       002CE2
__ptext84                                text84       0031C0
__ptext85                                text85       0031C8
__ptext86                                text86       0031D0
__ptext87                                text87       003152
__ptext88                                text88       0030B2
__ptext89                                text89       0030C2
__ptext9                                 text9        002E12
__ptext90                                text90       0031D8
__ptext91                                text91       0031E0
__ptext92                                text92       0031E8
__ptext93                                text93       0031F0
__ptext94                                text94       00315E
__ptext95                                text95       0030D2
__ptext96                                text96       002A64
__ptext97                                text97       003242
__ptext98                                text98       003056
__ptext99                                text99       0031F8
__ramtop                                 ramtop       000600
__size_of_EUSART1_Initialize             (abs)        000000
__size_of_EUSART1_Receive_ISR            (abs)        000000
__size_of_EUSART1_Transmit_ISR           (abs)        000000
__size_of_EUSART1_Write                  (abs)        000000
__size_of_EUSART2_Initialize             (abs)        000000
__size_of_EUSART2_Receive_ISR            (abs)        000000
__size_of_EUSART2_SetRxInterruptHandler  (abs)        000000
__size_of_EUSART2_SetTxInterruptHandler  (abs)        000000
__size_of_EUSART2_Transmit_ISR           (abs)        000000
__size_of_INTERRUPT_Initialize           (abs)        000000
__size_of_INTERRUPT_InterruptManager     (abs)        000000
__size_of_OSCILLATOR_Initialize          (abs)        000000
__size_of_PIN_MANAGER_Initialize         (abs)        000000
__size_of_SRAM_CONTROL_INITIALIZE        (abs)        000000
__size_of_SYSTEM_Initialize              (abs)        000000
__size_of___awdiv                        (abs)        000000
__size_of___awmod                        (abs)        000000
__size_of___awtoft                       (abs)        000000
__size_of___ftadd                        (abs)        000000
[...]


 *************** function i2_i2c1_driver_stop *****************
 Defined at:
		line 156 in file "mcc_generated_files/i2c1_driver.c"
 Parameters:    Size  Location     Type
		None
 Auto vars:     Size  Location     Type
		None
 Return value:  Size  Location     Type
                  1    wreg      void 
 Registers used:
		None
 Tracked objects:
		On entry : 
		On exit  : 
		Unchanged: 
 Data sizes:     COMRAM   BANK0   BANK1   BANK2   BANK3   BANK4   BANK5
      Params:         0       0       0       0       0       0       0
      Locals:         0       0       0       0       0       0       0
      Temps:          0       0       0       0       0       0       0
      Totals:         0       0       0       0       0       0       0
Total ram usage:        0 bytes
 Hardware stack levels used:    1
 This function calls:
		Nothing
 This function is called by:
		i2_do_I2C_SEND_STOP
 This function uses a non-reentrant model


 *************** function i2_i2c1_driver_restart *****************
 Defined at:
		line 151 in file "mcc_generated_files/i2c1_driver.c"
 Parameters:    Size  Location     Type
		None
 Auto vars:     Size  Location     Type
		None
 Return value:  Size  Location     Type
                  1    wreg      void 
 Registers used:
		None
 Tracked objects:
		On entry : 
		On exit  : 
		Unchanged: 
 Data sizes:     COMRAM   BANK0   BANK1   BANK2   BANK3   BANK4   BANK5
      Params:         0       0       0       0       0       0       0
      Locals:         0       0       0       0       0       0       0
      Temps:          0       0       0       0       0       0       0
      Totals:         0       0       0       0       0       0       0
Total ram usage:        0 bytes
 Hardware stack levels used:    1
 This function calls:
		Nothing
 This function is called by:
		i2_do_I2C_SEND_RESTART_READ
		i2_do_I2C_SEND_RESTART_WRITE
		i2_do_I2C_SEND_RESTART
 This function uses a non-reentrant model


 *************** function i2_i2c1_driver_sendACK *****************
 Defined at:
		line 196 in file "mcc_generated_files/i2c1_driver.c"
 Parameters:    Size  Location     Type
		None
 Auto vars:     Size  Location     Type
		None
 Return value:  Size  Location     Type
                  1    wreg      void 
 Registers used:
		None
 Tracked objects:
		On entry : 
		On exit  : 
		Unchanged: 
 Data sizes:     COMRAM   BANK0   BANK1   BANK2   BANK3   BANK4   BANK5
      Params:         0       0       0       0       0       0       0
      Locals:         0       0       0       0       0       0       0
      Temps:          0       0       0       0       0       0       0
      Totals:         0       0       0       0       0       0       0
Total ram usage:        0 bytes
 Hardware stack levels used:    1
 This function calls:
		Nothing
 This function is called by:
		i2_do_I2C_DO_ACK
		i2_do_I2C_RX
 This function uses a non-reentrant model


 *************** function _i2c_busCollisionISR *****************
 Defined at:
		line 435 in file "mcc_generated_files/drivers/i2c_master.c"
 Parameters:    Size  Location     Type
		None
 Auto vars:     Size  Location     Type
		None
 Return value:  Size  Location     Type
                  1    wreg      void 
 Registers used:
		cstack
 Tracked objects:
		On entry : 
		On exit  : 
		Unchanged: 
 Data sizes:     COMRAM   BANK0   BANK1   BANK2   BANK3   BANK4   BANK5
      Params:         0       0       0       0       0       0       0
      Locals:         0       0       0       0       0       0       0
      Temps:          0       0       0       0       0       0       0
      Totals:         0       0       0       0       0       0       0
Total ram usage:        0 bytes
 Hardware stack levels used:    1
 Hardware stack levels required when called:    1
 This function calls:
		_i2c1_driver_clearBusCollision
 This function is called by:
		_i2c_open
		_INTERRUPT_InterruptManager
 This function uses a non-reentrant model


 *************** function _i2c1_driver_clearBusCollision *****************
 Defined at:
		line 253 in file "mcc_generated_files/i2c1_driver.c"
 Parameters:    Size  Location     Type
		None
 Auto vars:     Size  Location     Type
		None
 Return value:  Size  Location     Type
                  1    wreg      void 
 Registers used:
		None
 Tracked objects:
		On entry : 
		On exit  : 
		Unchanged: 
 Data sizes:     COMRAM   BANK0   BANK1   BANK2   BANK3   BANK4   BANK5
      Params:         0       0       0       0       0       0       0
      Locals:         0       0       0       0       0       0       0
      Temps:          0       0       0       0       0       0       0
      Totals:         0       0       0       0       0       0       0
Total ram usage:        0 bytes
 Hardware stack levels used:    1
 This function calls:
		Nothing
 This function is called by:
		_i2c_busCollisionISR
 This function uses a non-reentrant model


 *************** function _EUSART2_Transmit_ISR *****************
 Defined at:
		line 157 in file "mcc_generated_files/eusart2.c"
 Parameters:    Size  Location     Type
		None
 Auto vars:     Size  Location     Type
		None
 Return value:  Size  Location     Type
                  1    wreg      void 
 Registers used:
		wreg, fsr2l, fsr2h, status,2, status,0, prodl, prodh
 Tracked objects:
		On entry : 
		On exit  : 
		Unchanged: 
 Data sizes:     COMRAM   BANK0   BANK1   BANK2   BANK3   BANK4   BANK5
      Params:         0       0       0       0       0       0       0
      Locals:         0       0       0       0       0       0       0
      Temps:          0       0       0       0       0       0       0
      Totals:         0       0       0       0       0       0       0
Total ram usage:        0 bytes
 Hardware stack levels used:    1
 This function calls:
		Nothing
 This function is called by:
		_EUSART2_Initialize
		_INTERRUPT_InterruptManager
 This function uses a non-reentrant model


 *************** function _EUSART2_Receive_ISR *****************
 Defined at:
		line 199 in file "mcc_generated_files/eusart2.c"
 Parameters:    Size  Location     Type
		None
 Auto vars:     Size  Location     Type
  temp            1    2[COMRAM] unsigned char 
  temp            1    1[COMRAM] unsigned char 
 Return value:  Size  Location     Type
                  1    wreg      void 
 Registers used:
		wreg, fsr2l, fsr2h, status,2, status,0, prodl, prodh
 Tracked objects:
		On entry : 
		On exit  : 
		Unchanged: 
 Data sizes:     COMRAM   BANK0   BANK1   BANK2   BANK3   BANK4   BANK5
      Params:         0       0       0       0       0       0       0
      Locals:         2       0       0       0       0       0       0
      Temps:          1       0       0       0       0       0       0
      Totals:         3       0       0       0       0       0       0
Total ram usage:        3 bytes
 Hardware stack levels used:    1
 This function calls:
		Nothing
 This function is called by:
		_EUSART2_Initialize
		_INTERRUPT_InterruptManager
 This function uses a non-reentrant model


 *************** function _EUSART1_Transmit_ISR *****************
 Defined at:
		line 143 in file "mcc_generated_files/eusart1.c"
 Parameters:    Size  Location     Type
		None
 Auto vars:     Size  Location     Type
		None
 Return value:  Size  Location     Type
                  1    wreg      void 
 Registers used:
		wreg, fsr2l, fsr2h, status,2, status,0, prodl, prodh
 Tracked objects:
		On entry : 
		On exit  : 
		Unchanged: 
 Data sizes:     COMRAM   BANK0   BANK1   BANK2   BANK3   BANK4   BANK5
      Params:         0       0       0       0       0       0       0
      Locals:         0       0       0       0       0       0       0
      Temps:          0       0       0       0       0       0       0
      Totals:         0       0       0       0       0       0       0
Total ram usage:        0 bytes
 Hardware stack levels used:    1
 This function calls:
		Nothing
 This function is called by:
		_INTERRUPT_InterruptManager
 This function uses a non-reentrant model


 *************** function _EUSART1_Receive_ISR *****************
 Defined at:
		line 164 in file "mcc_generated_files/eusart1.c"
 Parameters:    Size  Location     Type
		None
 Auto vars:     Size  Location     Type
  temp            1    4[COMRAM] unsigned char 
  temp            1    3[COMRAM] unsigned char 
  receivedChar    1    5[COMRAM] unsigned char 
 Return value:  Size  Location     Type
                  1    wreg      void 
 Registers used:
		wreg, status,2, status,0, cstack
 Tracked objects:
		On entry : 
		On exit  : 
		Unchanged: 
 Data sizes:     COMRAM   BANK0   BANK1   BANK2   BANK3   BANK4   BANK5
      Params:         0       0       0       0       0       0       0
      Locals:         3       0       0       0       0       0       0
      Temps:          0       0       0       0       0       0       0
      Totals:         3       0       0       0       0       0       0
Total ram usage:        3 bytes
 Hardware stack levels used:    1
 Hardware stack levels required when called:    1
 This function calls:
		_sram_write
 This function is called by:
		_INTERRUPT_InterruptManager
 This function uses a non-reentrant model


 *************** function _sram_write *****************
 Defined at:
		line 50 in file "sram_control.c"
 Parameters:    Size  Location     Type
  address         1    wreg     unsigned char 
  data            1    0[COMRAM] unsigned char 
 Auto vars:     Size  Location     Type
  address         1    2[COMRAM] unsigned char 
 Return value:  Size  Location     Type
                  1    wreg      void 
 Registers used:
		wreg, status,2, status,0
 Tracked objects:
		On entry : 
		On exit  : 
		Unchanged: 
 Data sizes:     COMRAM   BANK0   BANK1   BANK2   BANK3   BANK4   BANK5
      Params:         1       0       0       0       0       0       0
      Locals:         1       0       0       0       0       0       0
      Temps:          1       0       0       0       0       0       0
      Totals:         3       0       0       0       0       0       0
Total ram usage:        3 bytes
 Hardware stack levels used:    1
 This function calls:
		Nothing
 This function is called by:
		_EUSART1_Receive_ISR
 This function uses a non-reentrant model



MODULE INFORMATION

Module		Function		Class		Link	Load	Size
/Applications/microchip/xc8/v1.45/sources/common/float.c
		___ftpack      		CODE           	22BC	0000	175

/Applications/microchip/xc8/v1.45/sources/common/float.c estimated size: 175

/Applications/microchip/xc8/v1.45/sources/common/awtoft.c
		___awtoft      		CODE           	2DA6	0000	57

/Applications/microchip/xc8/v1.45/sources/common/awtoft.c estimated size: 57

/Applications/microchip/xc8/v1.45/sources/common/ftmul.c
		___ftmul       		CODE           	200A	0000	247

/Applications/microchip/xc8/v1.45/sources/common/ftmul.c estimated size: 247

/Applications/microchip/xc8/v1.45/sources/common/awmod.c
		___awmod       		CODE           	27B0	0000	113

/Applications/microchip/xc8/v1.45/sources/common/awmod.c estimated size: 113

mcc_generated_files/eusart2.c
		_EUSART2_Receive_ISR		CODE           	2820	0000	105
		_EUSART2_Transmit_ISR		CODE           	2E44	0000	47
		_EUSART2_SetRxInterruptHandler		CODE           	31A6	0000	11
		_EUSART2_SetTxInterruptHandler		CODE           	319C	0000	11
		_EUSART2_Initialize		CODE           	2C4E	0000	77

mcc_generated_files/eusart2.c estimated size: 251

/Applications/microchip/xc8/v1.45/sources/common/ftdiv.c
		___ftdiv       		CODE           	2100	0000	233

/Applications/microchip/xc8/v1.45/sources/common/ftdiv.c estimated size: 233

/Applications/microchip/xc8/v1.45/sources/common/llmod.c
		___llmod       		CODE           	2888	0000	103

/Applications/microchip/xc8/v1.45/sources/common/llmod.c estimated size: 103

/Applications/microchip/xc8/v1.45/sources/common/doprnt.c
		_scale         		CODE           	148C	0000	1057
		_printf        		CODE           	011E	0000	2691
		_fround        		CODE           	18AC	0000	607

/Applications/microchip/xc8/v1.45/sources/common/doprnt.c estimated size: 4355

mcc_generated_files/interrupt_manager.c
		_INTERRUPT_Initialize		CODE           	323A	0000	5
		_INTERRUPT_InterruptManager		CODE           	0008	0000	275

mcc_generated_files/interrupt_manager.c estimated size: 280

/Applications/microchip/xc8/v1.45/sources/common/lltoft.c
		___lltoft      		CODE           	2A08	0000	93

/Applications/microchip/xc8/v1.45/sources/common/lltoft.c estimated size: 93

mcc_generated_files/pin_manager.c
		_PIN_MANAGER_Initialize		CODE           	2ECE	0000	43

mcc_generated_files/pin_manager.c estimated size: 43

/Applications/microchip/xc8/v1.45/sources/common/fttol.c
		___fttol       		CODE           	1F12	0000	249

/Applications/microchip/xc8/v1.45/sources/common/fttol.c estimated size: 249

/Applications/microchip/xc8/v1.45/sources/common/awdiv.c
		___awdiv       		CODE           	25BC	0000	133

/Applications/microchip/xc8/v1.45/sources/common/awdiv.c estimated size: 133

/Applications/microchip/xc8/v1.45/sources/common/ftdivl.c
		__tdiv_to_l_   		CODE           	1CB8	0000	307

/Applications/microchip/xc8/v1.45/sources/common/ftdivl.c estimated size: 307

/Applications/microchip/xc8/v1.45/sources/common/ftge.c
		___ftge        		CODE           	249A	0000	147

/Applications/microchip/xc8/v1.45/sources/common/ftge.c estimated size: 147

/Applications/microchip/xc8/v1.45/sources/common/ftadd.c
		___ftadd       		CODE           	1B0A	0000	431

/Applications/microchip/xc8/v1.45/sources/common/ftadd.c estimated size: 431

/Applications/microchip/xc8/v1.45/sources/common/lldiv.c
		___lldiv       		CODE           	2640	0000	131

/Applications/microchip/xc8/v1.45/sources/common/lldiv.c estimated size: 131

/Applications/microchip/xc8/v1.45/sources/common/Umul16.c
		___wmul        		CODE           	2F20	0000	39

/Applications/microchip/xc8/v1.45/sources/common/Umul16.c estimated size: 39

/Applications/microchip/xc8/v1.45/sources/common/fldivl.c
		__div_to_l_    		CODE           	1DEA	0000	297

/Applications/microchip/xc8/v1.45/sources/common/fldivl.c estimated size: 297

sram_control.c
		_sram_write    		CODE           	2EA0	0000	47
		_sram_read     		CODE           	2EF8	0000	41
		_SRAM_CONTROL_INITIALIZE		CODE           	3040	0000	23

sram_control.c estimated size: 111

/Applications/microchip/xc8/v1.45/sources/common/isdigit.c
		_isdigit       		CODE           	2F6A	0000	31

/Applications/microchip/xc8/v1.45/sources/common/isdigit.c estimated size: 31

shared
		i2_returnReset 		CODE           	324E	0000	5
		i2_do_I2C_SEND_ADR_READ		CODE           	30C2	0000	17
		i2_do_I2C_DO_NACK_STOP		CODE           	31C8	0000	9
		i2_mssp1_clearIRQ		CODE           	323E	0000	5
		i2_do_I2C_SEND_RESTART		CODE           	31E0	0000	9
		__powers_      		MEDIUMCONST    	7D1D	0000	40
		i2_do_I2C_TX_EMPTY		CODE           	2A64	0000	89
		_dpowers       		MEDIUMCONST    	7CF5	0000	41
		i2_do_I2C_DO_NACK_RESTART		CODE           	31C0	0000	9
		i2_do_I2C_SEND_RESTART_READ		CODE           	31F0	0000	9
		i2_do_I2C_DO_ADDRESS_NACK		CODE           	2CE2	0000	73
		i2_do_I2C_RX   		CODE           	273C	0000	117
		i2_do_I2C_TX   		CODE           	252C	0000	145
		i2_i2c_ISR     		CODE           	2C9A	0000	73
		__npowers_     		MEDIUMCONST    	7D44	0000	40
		i2_i2c1_driver_sendNACK		CODE           	320C	0000	7
		i2_do_I2C_IDLE 		CODE           	315E	0000	13
		i2_do_I2C_RCEN 		CODE           	3152	0000	13
		i2_i2c1_driver_isNACK		CODE           	3056	0000	23
		__initialization		CODE           	2B0E	0000	69
		i2_mssp1_setIRQ		CODE           	3242	0000	5
		i2_i2c1_driver_restart		CODE           	325A	0000	5
		i2_i2c1_driver_stop		CODE           	3256	0000	5
		i2_do_I2C_RESET		CODE           	30D2	0000	17
		i2_i2c1_driver_startRX		CODE           	324A	0000	5
		i2_i2c1_driver_resetBus		CODE           	3264	0000	3
		i2_i2c1_driver_sendACK		CODE           	3212	0000	7
		i2_do_I2C_SEND_RESTART_WRITE		CODE           	31E8	0000	9
		i2_do_I2C_DO_ACK		CODE           	31D0	0000	9
		i2_do_I2C_SEND_ADR_WRITE		CODE           	30B2	0000	17
		i2_i2c1_driver_getRXData		CODE           	3246	0000	5
		i2_do_I2C_SEND_STOP		CODE           	31D8	0000	9
		i2_i2c1_driver_TXData		CODE           	31F8	0000	9
		i2_returnStop  		CODE           	3252	0000	5

shared estimated size: 916

mcc_generated_files/eusart1.c
		_EUSART1_Initialize		CODE           	2DDE	0000	53
		_putch         		CODE           	3192	0000	11
		_EUSART1_Write 		CODE           	2D6C	0000	59
		_EUSART1_Receive_ISR		CODE           	2B60	0000	83
		_EUSART1_Transmit_ISR		CODE           	2E72	0000	47

mcc_generated_files/eusart1.c estimated size: 253

mcc_generated_files/mcc.c
		_OSCILLATOR_Initialize		CODE           	3144	0000	15
		_SYSTEM_Initialize		CODE           	302A	0000	23

mcc_generated_files/mcc.c estimated size: 38

/Applications/microchip/xc8/v1.45/sources/common/ftneg.c
		___ftneg       		CODE           	2F46	0000	37

/Applications/microchip/xc8/v1.45/sources/common/ftneg.c estimated size: 37

mcc_generated_files/drivers/i2c_master.c
		_returnStop    		CODE           	3188	0000	11
		_i2c_setBuffer 		CODE           	2F88	0000	27
		_i2c_busCollisionISR		CODE           	3218	0000	7
		_i2c_ISR       		CODE           	2BB2	0000	79
		_i2c_masterOperation		CODE           	2E12	0000	51
		_do_I2C_TX_EMPTY		CODE           	294E	0000	95
		_returnReset   		CODE           	317E	0000	11
		_do_I2C_SEND_RESTART_WRITE		CODE           	3128	0000	15
		_i2c_poller    		CODE           	2FA2	0000	27
		_i2c_masterWrite		CODE           	31B0	0000	9
		_do_I2C_DO_NACK_RESTART		CODE           	30E2	0000	15
		_do_I2C_SEND_RESTART_READ		CODE           	3136	0000	15
		_do_I2C_SEND_ADR_WRITE		CODE           	2FD2	0000	23
		_do_I2C_SEND_STOP		CODE           	310C	0000	15
		_i2c_open      		CODE           	236A	0000	155
		_do_I2C_SEND_ADR_READ		CODE           	2FE8	0000	23
		_do_I2C_DO_NACK_STOP		CODE           	30F0	0000	15
		_do_I2C_SEND_RESTART		CODE           	311A	0000	15
		_do_I2C_RX     		CODE           	26C2	0000	123
		_do_I2C_TX     		CODE           	2404	0000	151
		_do_I2C_IDLE   		CODE           	3090	0000	19
		_do_I2C_RCEN   		CODE           	307E	0000	19
		_do_I2C_DO_ADDRESS_NACK		CODE           	2C00	0000	79
		_do_I2C_RESET  		CODE           	2FFE	0000	23
		_do_I2C_DO_ACK 		CODE           	30FE	0000	15

mcc_generated_files/drivers/i2c_master.c estimated size: 1037

/Applications/microchip/xc8/v1.45/sources/common/atoi.c
		_atoi          		CODE           	21E8	0000	213

/Applications/microchip/xc8/v1.45/sources/common/atoi.c estimated size: 213

/Applications/microchip/xc8/v1.45/sources/common/ftsub.c
		___ftsub       		CODE           	2D2A	0000	67

/Applications/microchip/xc8/v1.45/sources/common/ftsub.c estimated size: 67

mcc_generated_files/i2c1_driver.c
		_mssp1_waitForEvent		CODE           	306C	0000	19
		_i2c1_driver_open		CODE           	2FBC	0000	23
		_i2c1_driver_isNACK		CODE           	3014	0000	23
		_i2c1_driver_stop		CODE           	322E	0000	5
		_i2c1_driver_getRXData		CODE           	3226	0000	5
		_i2c1_driver_TXData		CODE           	31B8	0000	9
		_i2c1_driver_setBusCollisionISR		CODE           	3174	0000	11
		_i2c1_driver_start		CODE           	3236	0000	5
		_i2c1_driver_sendACK		CODE           	3206	0000	7
		_mssp1_setIRQ  		CODE           	3222	0000	5
		_i2c1_driver_sendNACK		CODE           	3200	0000	7
		_i2c1_driver_restart		CODE           	3232	0000	5
		_i2c1_driver_resetBus		CODE           	3262	0000	3
		_i2c1_driver_clearBusCollision		CODE           	325E	0000	5
		_mssp1_clearIRQ		CODE           	321E	0000	5
		_i2c1_driver_startRX		CODE           	322A	0000	5
		_i2c1_driver_setI2cISR		CODE           	316A	0000	11
		_mssp1_IRQisEnabled		CODE           	30A2	0000	17

mcc_generated_files/i2c1_driver.c estimated size: 170

main.c
		_sendDataToRemoteNode		CODE           	29AC	0000	93
		_printString   		CODE           	28EE	0000	97
		_main          		CODE           	0BA0	0000	2285

main.c estimated size: 2475

